<html>
<body>
<pre>
<h1>µVision Build Log</h1>
<h2>Tool Versions:</h2>
IDE-Version: µVision V5.23.0.0
Copyright (C) 2017 ARM Ltd and ARM Germany GmbH. All rights reserved.
License Information: Kresimir Bruner, Globallogic, LIC=----
 
Tool Versions:
Toolchain:       MDK-Lite  Version: 5.23
Toolchain Path:  C:\Keil_v5\ARM\ARMCC\Bin
C Compiler:      Armcc.exe V5.06 update 4 (build 422)
Assembler:       Armasm.exe V5.06 update 4 (build 422)
Linker/Locator:  ArmLink.exe V5.06 update 4 (build 422)
Library Manager: ArmAr.exe V5.06 update 4 (build 422)
Hex Converter:   FromElf.exe V5.06 update 4 (build 422)
CPU DLL:         SARMCM3.DLL V5.23
Dialog DLL:      DCM.DLL V1.15.0.0
Target DLL:      STLink\ST-LINKIII-KEIL_SWO.dll V2.0.18.0
Dialog DLL:      TCM.DLL V1.27.0.0
 
<h2>Project:</h2>
D:\Projects\EB Autosar concept\Source\CarModelBoard\MDK-ARM\CarModelBoard.uvprojx
Project File Date:  02/01/2018

<h2>Output:</h2>
*** Using Compiler 'V5.06 update 4 (build 422)', folder: 'C:\Keil_v5\ARM\ARMCC\Bin'
Build target 'CarModelBoard'
compiling main.c...
../Src/main.c(1058): warning:  #223-D: function "stringLength" declared implicitly
  		HAL_UART_Transmit(&huart3,(uint8_t*)message,stringLength(*message),10);
../Src/main.c(1084): warning:  #188-D: enumerated type mixed with another type
  			HAL_GPIO_WritePin(
_HIGH_BEAM_GPIO_Port,
_HIGH_BEAM_Pin,0);
../Src/main.c(1085): warning:  #188-D: enumerated type mixed with another type
  			HAL_GPIO_WritePin(
_HIGH_BEAM_GPIO_Port,
_HIGH_BEAM_Pin,0);
../Src/main.c(1086): warning:  #188-D: enumerated type mixed with another type
  			HAL_GPIO_WritePin(
_REAR_LIGHT_GPIO_Port,
_REAR_LIGHT_Pin,0);
../Src/main.c(1087): warning:  #188-D: enumerated type mixed with another type
  			HAL_GPIO_WritePin(
_REAR_LIGHT_GPIO_Port,
_REAR_LIGHT_Pin,0);
../Src/main.c(1095): warning:  #188-D: enumerated type mixed with another type
  				HAL_GPIO_WritePin(
_REAR_LIGHT_GPIO_Port,
_REAR_LIGHT_Pin,1);
../Src/main.c(1096): warning:  #188-D: enumerated type mixed with another type
  				HAL_GPIO_WritePin(
_REAR_LIGHT_GPIO_Port,
_REAR_LIGHT_Pin,1);
../Src/main.c(1100): warning:  #188-D: enumerated type mixed with another type
  			HAL_GPIO_WritePin(
_HIGH_BEAM_GPIO_Port,
_HIGH_BEAM_Pin,1);
../Src/main.c(1101): warning:  #188-D: enumerated type mixed with another type
  			HAL_GPIO_WritePin(
_HIGH_BEAM_GPIO_Port,
_HIGH_BEAM_Pin,1);
../Src/main.c(1117): warning:  #188-D: enumerated type mixed with another type
  			HAL_GPIO_WritePin(
F_BLINKER_GPIO_Port,
F_BLINKER_Pin,0);
../Src/main.c(1118): warning:  #188-D: enumerated type mixed with another type
  			HAL_GPIO_WritePin(
R_BLINKER_GPIO_Port,
R_BLINKER_Pin,0);
../Src/main.c(1119): warning:  #188-D: enumerated type mixed with another type
  			HAL_GPIO_WritePin(
M_BLINKER_GPIO_Port,
M_BLINKER_Pin,0);
../Src/main.c(1120): warning:  #188-D: enumerated type mixed with another type
  			HAL_GPIO_WritePin(
F_BLINKER_GPIO_Port,
F_BLINKER_Pin,0);
../Src/main.c(1121): warning:  #188-D: enumerated type mixed with another type
  			HAL_GPIO_WritePin(
R_BLINKER_GPIO_Port,
R_BLINKER_Pin,0);
../Src/main.c(1122): warning:  #188-D: enumerated type mixed with another type
  			HAL_GPIO_WritePin(
M_BLINKER_GPIO_Port,
M_BLINKER_Pin,0);
../Src/main.c(1126): warning:  #188-D: enumerated type mixed with another type
  			HAL_GPIO_WritePin(
F_BLINKER_GPIO_Port,
F_BLINKER_Pin,0);
../Src/main.c(1127): warning:  #188-D: enumerated type mixed with another type
  			HAL_GPIO_WritePin(
R_BLINKER_GPIO_Port,
R_BLINKER_Pin,0);
../Src/main.c(1128): warning:  #188-D: enumerated type mixed with another type
  			HAL_GPIO_WritePin(
M_BLINKER_GPIO_Port,
M_BLINKER_Pin,0);
../Src/main.c(1129): warning:  #188-D: enumerated type mixed with another type
  			HAL_GPIO_WritePin(
F_BLINKER_GPIO_Port,
F_BLINKER_Pin,0);
../Src/main.c(1130): warning:  #188-D: enumerated type mixed with another type
  			HAL_GPIO_WritePin(
R_BLINKER_GPIO_Port,
R_BLINKER_Pin,0);
../Src/main.c(1131): warning:  #188-D: enumerated type mixed with another type
  			HAL_GPIO_WritePin(
M_BLINKER_GPIO_Port,
M_BLINKER_Pin,0);
../Src/main.c(1135): warning:  #188-D: enumerated type mixed with another type
  			HAL_GPIO_WritePin(
F_BLINKER_GPIO_Port,
F_BLINKER_Pin,0);
../Src/main.c(1136): warning:  #188-D: enumerated type mixed with another type
  			HAL_GPIO_WritePin(
R_BLINKER_GPIO_Port,
R_BLINKER_Pin,0);
../Src/main.c(1137): warning:  #188-D: enumerated type mixed with another type
  			HAL_GPIO_WritePin(
M_BLINKER_GPIO_Port,
M_BLINKER_Pin,0);
../Src/main.c(1144): warning:  #188-D: enumerated type mixed with another type
  			HAL_GPIO_WritePin(
F_BLINKER_GPIO_Port,
F_BLINKER_Pin,0);
../Src/main.c(1145): warning:  #188-D: enumerated type mixed with another type
  			HAL_GPIO_WritePin(
R_BLINKER_GPIO_Port,
R_BLINKER_Pin,0);
../Src/main.c(1146): warning:  #188-D: enumerated type mixed with another type
  			HAL_GPIO_WritePin(
M_BLINKER_GPIO_Port,
M_BLINKER_Pin,0);
../Src/main.c(1154): warning:  #188-D: enumerated type mixed with another type
  			HAL_GPIO_WritePin(
F_BLINKER_GPIO_Port,
F_BLINKER_Pin,1);
../Src/main.c(1155): warning:  #188-D: enumerated type mixed with another type
  			HAL_GPIO_WritePin(
R_BLINKER_GPIO_Port,
R_BLINKER_Pin,1);
../Src/main.c(1156): warning:  #188-D: enumerated type mixed with another type
  			HAL_GPIO_WritePin(
M_BLINKER_GPIO_Port,
M_BLINKER_Pin,1);
../Src/main.c(1157): warning:  #188-D: enumerated type mixed with another type
  			HAL_GPIO_WritePin(
F_BLINKER_GPIO_Port,
F_BLINKER_Pin,1);
../Src/main.c(1158): warning:  #188-D: enumerated type mixed with another type
  			HAL_GPIO_WritePin(
R_BLINKER_GPIO_Port,
R_BLINKER_Pin,1);
../Src/main.c(1159): warning:  #188-D: enumerated type mixed with another type
  			HAL_GPIO_WritePin(
M_BLINKER_GPIO_Port,
M_BLINKER_Pin,1);
../Src/main.c(1161): warning:  #188-D: enumerated type mixed with another type
  			HAL_GPIO_WritePin(
F_BLINKER_GPIO_Port,
F_BLINKER_Pin,0);
../Src/main.c(1162): warning:  #188-D: enumerated type mixed with another type
  			HAL_GPIO_WritePin(
R_BLINKER_GPIO_Port,
R_BLINKER_Pin,0);
../Src/main.c(1163): warning:  #188-D: enumerated type mixed with another type
  			HAL_GPIO_WritePin(
M_BLINKER_GPIO_Port,
M_BLINKER_Pin,0);
../Src/main.c(1164): warning:  #188-D: enumerated type mixed with another type
  			HAL_GPIO_WritePin(
F_BLINKER_GPIO_Port,
F_BLINKER_Pin,0);
../Src/main.c(1165): warning:  #188-D: enumerated type mixed with another type
  			HAL_GPIO_WritePin(
R_BLINKER_GPIO_Port,
R_BLINKER_Pin,0);
../Src/main.c(1166): warning:  #188-D: enumerated type mixed with another type
  			HAL_GPIO_WritePin(
M_BLINKER_GPIO_Port,
M_BLINKER_Pin,0);
../Src/main.c(1184): warning:  #188-D: enumerated type mixed with another type
  				HAL_GPIO_WritePin(
_STOP_LIGHT_GPIO_Port,
_STOP_LIGHT_Pin,1);
../Src/main.c(1185): warning:  #188-D: enumerated type mixed with another type
  				HAL_GPIO_WritePin(
_STOP_LIGHT_GPIO_Port,
_STOP_LIGHT_Pin,1);
../Src/main.c(1186): warning:  #188-D: enumerated type mixed with another type
  				HAL_GPIO_WritePin(
_STOP_LIGHT_GPIO_Port,
_STOP_LIGHT_Pin,1);
../Src/main.c(1190): warning:  #188-D: enumerated type mixed with another type
  				HAL_GPIO_WritePin(
_STOP_LIGHT_GPIO_Port,
_STOP_LIGHT_Pin,0);
../Src/main.c(1191): warning:  #188-D: enumerated type mixed with another type
  				HAL_GPIO_WritePin(
_STOP_LIGHT_GPIO_Port,
_STOP_LIGHT_Pin,0);
../Src/main.c(1192): warning:  #188-D: enumerated type mixed with another type
  				HAL_GPIO_WritePin(
_STOP_LIGHT_GPIO_Port,
_STOP_LIGHT_Pin,0);
../Src/main.c(1209): warning:  #188-D: enumerated type mixed with another type
  			HAL_GPIO_WritePin(
F_DOOR_CLOSED_GPIO_Port,
F_DOOR_CLOSED_Pin,0);
../Src/main.c(1210): warning:  #188-D: enumerated type mixed with another type
  			HAL_GPIO_WritePin(
F_DOOR_LOCKED_GPIO_Port,
F_DOOR_LOCKED_Pin,0);
../Src/main.c(1211): warning:  #188-D: enumerated type mixed with another type
  			HAL_GPIO_WritePin(
F_DOOR_CLOSED_GPIO_Port,
F_DOOR_CLOSED_Pin,0);
../Src/main.c(1212): warning:  #188-D: enumerated type mixed with another type
  			HAL_GPIO_WritePin(
F_DOOR_LOCKED_GPIO_Port,
F_DOOR_LOCKED_Pin,0);
../Src/main.c(1215): warning:  #188-D: enumerated type mixed with another type
  			HAL_GPIO_WritePin(
R_DOOR_CLOSED_GPIO_Port,
R_DOOR_CLOSED_Pin,0);
../Src/main.c(1216): warning:  #188-D: enumerated type mixed with another type
  			HAL_GPIO_WritePin(
R_DOOR_LOCKED_GPIO_Port,
R_DOOR_LOCKED_Pin,0);
../Src/main.c(1217): warning:  #188-D: enumerated type mixed with another type
  			HAL_GPIO_WritePin(
R_DOOR_CLOSED_GPIO_Port,
R_DOOR_CLOSED_Pin,0);
../Src/main.c(1218): warning:  #188-D: enumerated type mixed with another type
  			HAL_GPIO_WritePin(
R_DOOR_LOCKED_GPIO_Port,
R_DOOR_LOCKED_Pin,0);
../Src/main.c(1223): warning:  #188-D: enumerated type mixed with another type
  			HAL_GPIO_WritePin(
F_DOOR_CLOSED_GPIO_Port,
F_DOOR_CLOSED_Pin,1);
../Src/main.c(1224): warning:  #188-D: enumerated type mixed with another type
  			HAL_GPIO_WritePin(
F_DOOR_CLOSED_GPIO_Port,
F_DOOR_CLOSED_Pin,1);
../Src/main.c(1227): warning:  #188-D: enumerated type mixed with another type
  			HAL_GPIO_WritePin(
R_DOOR_CLOSED_GPIO_Port,
R_DOOR_CLOSED_Pin,1);
../Src/main.c(1228): warning:  #188-D: enumerated type mixed with another type
  			HAL_GPIO_WritePin(
R_DOOR_CLOSED_GPIO_Port,
R_DOOR_CLOSED_Pin,1);
../Src/main.c(1233): warning:  #188-D: enumerated type mixed with another type
  			HAL_GPIO_WritePin(
F_DOOR_LOCKED_GPIO_Port,
F_DOOR_LOCKED_Pin,1);
../Src/main.c(1234): warning:  #188-D: enumerated type mixed with another type
  			HAL_GPIO_WritePin(
F_DOOR_LOCKED_GPIO_Port,
F_DOOR_LOCKED_Pin,1);
../Src/main.c(1237): warning:  #188-D: enumerated type mixed with another type
  			HAL_GPIO_WritePin(
R_DOOR_LOCKED_GPIO_Port,
R_DOOR_LOCKED_Pin,1);
../Src/main.c(1238): warning:  #188-D: enumerated type mixed with another type
  			HAL_GPIO_WritePin(
R_DOOR_LOCKED_GPIO_Port,
R_DOOR_LOCKED_Pin,1);
../Src/main.c(1360): warning:  #188-D: enumerated type mixed with another type
  				HAL_GPIO_WritePin(
IPER_0_GPIO_Port,
IPER_0_Pin,1);
../Src/main.c(1365): warning:  #188-D: enumerated type mixed with another type
  				HAL_GPIO_WritePin(
IPER_1_GPIO_Port,
IPER_1_Pin,1);
../Src/main.c(1369): warning:  #188-D: enumerated type mixed with another type
  				HAL_GPIO_WritePin(
IPER_2_GPIO_Port,
IPER_2_Pin,1);
../Src/main.c(1373): warning:  #188-D: enumerated type mixed with another type
  				HAL_GPIO_WritePin(
IPER_3_GPIO_Port,
IPER_3_Pin,1);
../Src/main.c(1382): warning:  #188-D: enumerated type mixed with another type
  				HAL_GPIO_WritePin(
IPER_3_GPIO_Port,
IPER_3_Pin,0);
../Src/main.c(1387): warning:  #188-D: enumerated type mixed with another type
  				HAL_GPIO_WritePin(
IPER_2_GPIO_Port,
IPER_2_Pin,0);
../Src/main.c(1391): warning:  #188-D: enumerated type mixed with another type
  				HAL_GPIO_WritePin(
IPER_1_GPIO_Port,
IPER_1_Pin,0);
../Src/main.c(1395): warning:  #188-D: enumerated type mixed with another type
  				HAL_GPIO_WritePin(
IPER_0_GPIO_Port,
IPER_0_Pin,0);
../Src/main.c(383): warning:  #177-D: function "MX_CAN1_Init"  was declared but never referenced
  static void MX_CAN1_Init(void)
../Src/main.c: 70 warnings, 0 errors
linking...
Program Size: Code=18932 RO-data=1004 RW-data=232 ZI-data=18376  
"CarModelBoard\CarModelBoard.axf" - 0 Error(s), 70 Warning(s).

<h2>Software Packages used:</h2>

Package Vendor: ARM
                http://www.keil.com/pack/ARM.CMSIS.5.0.1.pack
                ARM::CMSIS:CORE:5.0.1
                CMSIS (Cortex Microcontroller Software Interface Standard)
   * Component: CORE Version: 5.0.1

<h2>Collection of Component include folders:</h2>
  .\RTE\_CarModelBoard
  C:\Keil_v5\ARM\PACK\ARM\CMSIS\5.0.1\CMSIS\Include
  C:\Keil_v5\ARM\PACK\Keil\STM32F7xx_DFP\2.9.0\Drivers\CMSIS\Device\ST\STM32F7xx\Include

<h2>Collection of Component Files used:</h2>

   * Component: ARM::CMSIS:CORE:5.0.1
Build Time Elapsed:  00:00:07
</pre>
</body>
</html>
