Component: ARM Compiler 5.06 update 4 (build 422) Tool: armlink [4d35d2]

==============================================================================

Section Cross References

    stm32f7xx_hal_dma.o(i.DMA_CalcBaseAndBitshift) refers to stm32f7xx_hal_dma.o(.constdata) for .constdata
    stm32f7xx_hal_dma.o(i.HAL_DMA_Abort) refers to stm32f7xx_hal.o(i.HAL_GetTick) for HAL_GetTick
    stm32f7xx_hal_dma.o(i.HAL_DMA_DeInit) refers to stm32f7xx_hal_dma.o(i.DMA_CalcBaseAndBitshift) for DMA_CalcBaseAndBitshift
    stm32f7xx_hal_dma.o(i.HAL_DMA_IRQHandler) refers to system_stm32f7xx.o(.data) for SystemCoreClock
    stm32f7xx_hal_dma.o(i.HAL_DMA_Init) refers to stm32f7xx_hal.o(i.HAL_GetTick) for HAL_GetTick
    stm32f7xx_hal_dma.o(i.HAL_DMA_Init) refers to stm32f7xx_hal_dma.o(i.DMA_CheckFifoParam) for DMA_CheckFifoParam
    stm32f7xx_hal_dma.o(i.HAL_DMA_Init) refers to stm32f7xx_hal_dma.o(i.DMA_CalcBaseAndBitshift) for DMA_CalcBaseAndBitshift
    stm32f7xx_hal_dma.o(i.HAL_DMA_PollForTransfer) refers to stm32f7xx_hal.o(i.HAL_GetTick) for HAL_GetTick
    stm32f7xx_hal_dma.o(i.HAL_DMA_PollForTransfer) refers to stm32f7xx_hal_dma.o(i.HAL_DMA_Abort) for HAL_DMA_Abort
    stm32f7xx_hal_dma.o(i.HAL_DMA_Start) refers to stm32f7xx_hal_dma.o(i.DMA_SetConfig) for DMA_SetConfig
    stm32f7xx_hal_dma.o(i.HAL_DMA_Start_IT) refers to stm32f7xx_hal_dma.o(i.DMA_SetConfig) for DMA_SetConfig
    stm32f7xx_hal_dma_ex.o(i.HAL_DMAEx_MultiBufferStart) refers to stm32f7xx_hal_dma_ex.o(i.DMA_MultiBufferSetConfig) for DMA_MultiBufferSetConfig
    stm32f7xx_hal_dma_ex.o(i.HAL_DMAEx_MultiBufferStart_IT) refers to stm32f7xx_hal_dma_ex.o(i.DMA_MultiBufferSetConfig) for DMA_MultiBufferSetConfig
    stm32f7xx_hal_gpio.o(i.HAL_GPIO_EXTI_IRQHandler) refers to main.o(i.HAL_GPIO_EXTI_Callback) for HAL_GPIO_EXTI_Callback
    stm32f7xx_hal_rcc_ex.o(i.HAL_RCCEx_PeriphCLKConfig) refers to stm32f7xx_hal.o(i.HAL_GetTick) for HAL_GetTick
    stm32f7xx_hal_tim.o(i.HAL_TIM_Base_DeInit) refers to stm32f7xx_hal_msp.o(i.HAL_TIM_Base_MspDeInit) for HAL_TIM_Base_MspDeInit
    stm32f7xx_hal_tim.o(i.HAL_TIM_Base_Init) refers to stm32f7xx_hal_msp.o(i.HAL_TIM_Base_MspInit) for HAL_TIM_Base_MspInit
    stm32f7xx_hal_tim.o(i.HAL_TIM_Base_Init) refers to stm32f7xx_hal_tim.o(i.TIM_Base_SetConfig) for TIM_Base_SetConfig
    stm32f7xx_hal_tim.o(i.HAL_TIM_Base_Start_DMA) refers to stm32f7xx_hal_dma.o(i.HAL_DMA_Start_IT) for HAL_DMA_Start_IT
    stm32f7xx_hal_tim.o(i.HAL_TIM_Base_Start_DMA) refers to stm32f7xx_hal_tim.o(i.TIM_DMAPeriodElapsedCplt) for TIM_DMAPeriodElapsedCplt
    stm32f7xx_hal_tim.o(i.HAL_TIM_Base_Start_DMA) refers to stm32f7xx_hal_tim.o(i.TIM_DMAError) for TIM_DMAError
    stm32f7xx_hal_tim.o(i.HAL_TIM_ConfigClockSource) refers to stm32f7xx_hal_tim.o(i.TIM_ETR_SetConfig) for TIM_ETR_SetConfig
    stm32f7xx_hal_tim.o(i.HAL_TIM_ConfigClockSource) refers to stm32f7xx_hal_tim.o(i.TIM_TI1_ConfigInputStage) for TIM_TI1_ConfigInputStage
    stm32f7xx_hal_tim.o(i.HAL_TIM_ConfigClockSource) refers to stm32f7xx_hal_tim.o(i.TIM_TI2_ConfigInputStage) for TIM_TI2_ConfigInputStage
    stm32f7xx_hal_tim.o(i.HAL_TIM_ConfigClockSource) refers to stm32f7xx_hal_tim.o(i.TIM_ITRx_SetConfig) for TIM_ITRx_SetConfig
    stm32f7xx_hal_tim.o(i.HAL_TIM_ConfigOCrefClear) refers to stm32f7xx_hal_tim.o(i.TIM_ETR_SetConfig) for TIM_ETR_SetConfig
    stm32f7xx_hal_tim.o(i.HAL_TIM_DMABurst_ReadStart) refers to stm32f7xx_hal_dma.o(i.HAL_DMA_Start_IT) for HAL_DMA_Start_IT
    stm32f7xx_hal_tim.o(i.HAL_TIM_DMABurst_ReadStart) refers to stm32f7xx_hal_tim.o(i.TIM_DMAError) for TIM_DMAError
    stm32f7xx_hal_tim.o(i.HAL_TIM_DMABurst_ReadStart) refers to stm32f7xx_hal_tim.o(i.TIM_DMACaptureCplt) for TIM_DMACaptureCplt
    stm32f7xx_hal_tim.o(i.HAL_TIM_DMABurst_ReadStart) refers to stm32f7xx_hal_tim.o(i.TIM_DMAPeriodElapsedCplt) for TIM_DMAPeriodElapsedCplt
    stm32f7xx_hal_tim.o(i.HAL_TIM_DMABurst_ReadStart) refers to stm32f7xx_hal_tim_ex.o(i.TIMEx_DMACommutationCplt) for TIMEx_DMACommutationCplt
    stm32f7xx_hal_tim.o(i.HAL_TIM_DMABurst_ReadStart) refers to stm32f7xx_hal_tim.o(i.TIM_DMATriggerCplt) for TIM_DMATriggerCplt
    stm32f7xx_hal_tim.o(i.HAL_TIM_DMABurst_ReadStop) refers to stm32f7xx_hal_dma.o(i.HAL_DMA_Abort) for HAL_DMA_Abort
    stm32f7xx_hal_tim.o(i.HAL_TIM_DMABurst_WriteStart) refers to stm32f7xx_hal_dma.o(i.HAL_DMA_Start_IT) for HAL_DMA_Start_IT
    stm32f7xx_hal_tim.o(i.HAL_TIM_DMABurst_WriteStart) refers to stm32f7xx_hal_tim.o(i.TIM_DMAError) for TIM_DMAError
    stm32f7xx_hal_tim.o(i.HAL_TIM_DMABurst_WriteStart) refers to stm32f7xx_hal_tim.o(i.TIM_DMADelayPulseCplt) for TIM_DMADelayPulseCplt
    stm32f7xx_hal_tim.o(i.HAL_TIM_DMABurst_WriteStart) refers to stm32f7xx_hal_tim.o(i.TIM_DMAPeriodElapsedCplt) for TIM_DMAPeriodElapsedCplt
    stm32f7xx_hal_tim.o(i.HAL_TIM_DMABurst_WriteStart) refers to stm32f7xx_hal_tim_ex.o(i.TIMEx_DMACommutationCplt) for TIMEx_DMACommutationCplt
[...]
    ..\Src\main.c                            0x00000000   Number         0  main.o ABSOLUTE
    ..\Src\package.c                         0x00000000   Number         0  package.o ABSOLUTE
    ..\Src\stm32f7xx_hal_msp.c               0x00000000   Number         0  stm32f7xx_hal_msp.o ABSOLUTE
    ..\Src\stm32f7xx_hal_timebase_TIM.c      0x00000000   Number         0  stm32f7xx_hal_timebase_tim.o ABSOLUTE
    ..\Src\stm32f7xx_it.c                    0x00000000   Number         0  stm32f7xx_it.o ABSOLUTE
    ..\Src\system_stm32f7xx.c                0x00000000   Number         0  system_stm32f7xx.o ABSOLUTE
    cdrcmple.s                               0x00000000   Number         0  cdrcmple.o ABSOLUTE
    dc.s                                     0x00000000   Number         0  dc.o ABSOLUTE
    handlers.s                               0x00000000   Number         0  handlers.o ABSOLUTE
    init.s                                   0x00000000   Number         0  init.o ABSOLUTE
    startup_stm32f767xx.s                    0x00000000   Number         0  startup_stm32f767xx.o ABSOLUTE
    RESET                                    0x08000000   Section      504  startup_stm32f767xx.o(RESET)
    .ARM.Collect$$$$00000000                 0x080001f8   Section        0  entry.o(.ARM.Collect$$$$00000000)
    .ARM.Collect$$$$00000001                 0x080001f8   Section        4  entry2.o(.ARM.Collect$$$$00000001)
    .ARM.Collect$$$$00000004                 0x080001fc   Section        4  entry5.o(.ARM.Collect$$$$00000004)
    .ARM.Collect$$$$00000008                 0x08000200   Section        0  entry7b.o(.ARM.Collect$$$$00000008)
    .ARM.Collect$$$$0000000A                 0x08000200   Section        0  entry8b.o(.ARM.Collect$$$$0000000A)
    .ARM.Collect$$$$0000000B                 0x08000200   Section        8  entry9a.o(.ARM.Collect$$$$0000000B)
    .ARM.Collect$$$$0000000D                 0x08000208   Section        0  entry10a.o(.ARM.Collect$$$$0000000D)
    .ARM.Collect$$$$0000000F                 0x08000208   Section        0  entry11a.o(.ARM.Collect$$$$0000000F)
    .ARM.Collect$$$$00002712                 0x08000208   Section        4  entry2.o(.ARM.Collect$$$$00002712)
    __lit__00000000                          0x08000208   Data           4  entry2.o(.ARM.Collect$$$$00002712)
    .emb_text                                0x0800020c   Section      186  port.o(.emb_text)
    $v0                                      0x0800020c   Number         0  port.o(.emb_text)
    .text                                    0x080002c8   Section       36  startup_stm32f767xx.o(.text)
    $v0                                      0x080002c8   Number         0  startup_stm32f767xx.o(.text)
    .text                                    0x080002ec   Section        0  memcpya.o(.text)
    .text                                    0x08000310   Section        0  strcat.o(.text)
    .text                                    0x08000328   Section        0  uidiv.o(.text)
    .text                                    0x08000354   Section       36  init.o(.text)
    i.EXTI15_10_IRQHandler                   0x08000378   Section        0  stm32f7xx_it.o(i.EXTI15_10_IRQHandler)
    i.HAL_DMA_Abort_IT                       0x08000380   Section        0  stm32f7xx_hal_dma.o(i.HAL_DMA_Abort_IT)
    i.HAL_GPIO_EXTI_Callback                 0x080003a4   Section        0  main.o(i.HAL_GPIO_EXTI_Callback)
    i.HAL_GPIO_EXTI_IRQHandler               0x080003d8   Section        0  stm32f7xx_hal_gpio.o(i.HAL_GPIO_EXTI_IRQHandler)
    i.HAL_GPIO_Init                          0x080003f0   Section        0  stm32f7xx_hal_gpio.o(i.HAL_GPIO_Init)
    i.HAL_GPIO_ReadPin                       0x080005c8   Section        0  stm32f7xx_hal_gpio.o(i.HAL_GPIO_ReadPin)
    i.HAL_GPIO_TogglePin                     0x080005d2   Section        0  stm32f7xx_hal_gpio.o(i.HAL_GPIO_TogglePin)
    i.HAL_GPIO_WritePin                      0x080005da   Section        0  stm32f7xx_hal_gpio.o(i.HAL_GPIO_WritePin)
    i.HAL_GetTick                            0x080005e4   Section        0  stm32f7xx_hal.o(i.HAL_GetTick)
    i.HAL_I2CEx_ConfigAnalogFilter           0x080005f0   Section        0  stm32f7xx_hal_i2c_ex.o(i.HAL_I2CEx_ConfigAnalogFilter)
    i.HAL_I2CEx_ConfigDigitalFilter          0x08000648   Section        0  stm32f7xx_hal_i2c_ex.o(i.HAL_I2CEx_ConfigDigitalFilter)
    i.HAL_I2C_Init                           0x0800069c   Section        0  stm32f7xx_hal_i2c.o(i.HAL_I2C_Init)
    i.HAL_I2C_MspInit                        0x08000754   Section        0  stm32f7xx_hal_msp.o(i.HAL_I2C_MspInit)
    i.HAL_IncTick                            0x0800079c   Section        0  stm32f7xx_hal.o(i.HAL_IncTick)
    i.HAL_Init                               0x080007ac   Section        0  stm32f7xx_hal.o(i.HAL_Init)
    i.HAL_InitTick                           0x080007c4   Section        0  stm32f7xx_hal_timebase_tim.o(i.HAL_InitTick)
    i.HAL_LIN_Init                           0x08000838   Section        0  stm32f7xx_hal_uart.o(i.HAL_LIN_Init)
    i.HAL_MspInit                            0x080008ba   Section        0  stm32f7xx_hal_msp.o(i.HAL_MspInit)
    i.HAL_NVIC_EnableIRQ                     0x08000912   Section        0  stm32f7xx_hal_cortex.o(i.HAL_NVIC_EnableIRQ)
    i.HAL_NVIC_SetPriority                   0x08000928   Section        0  stm32f7xx_hal_cortex.o(i.HAL_NVIC_SetPriority)
    i.HAL_NVIC_SetPriorityGrouping           0x08000968   Section        0  stm32f7xx_hal_cortex.o(i.HAL_NVIC_SetPriorityGrouping)
    i.HAL_RCCEx_PeriphCLKConfig              0x0800098c   Section        0  stm32f7xx_hal_rcc_ex.o(i.HAL_RCCEx_PeriphCLKConfig)
    i.HAL_RCC_ClockConfig                    0x08000ec8   Section        0  stm32f7xx_hal_rcc.o(i.HAL_RCC_ClockConfig)
    i.HAL_RCC_GetClockConfig                 0x08000fdc   Section        0  stm32f7xx_hal_rcc.o(i.HAL_RCC_GetClockConfig)
    i.HAL_RCC_GetHCLKFreq                    0x0800101c   Section        0  stm32f7xx_hal_rcc.o(i.HAL_RCC_GetHCLKFreq)
    i.HAL_RCC_GetPCLK1Freq                   0x08001028   Section        0  stm32f7xx_hal_rcc.o(i.HAL_RCC_GetPCLK1Freq)
    i.HAL_RCC_GetPCLK2Freq                   0x08001048   Section        0  stm32f7xx_hal_rcc.o(i.HAL_RCC_GetPCLK2Freq)
    i.HAL_RCC_GetSysClockFreq                0x08001068   Section        0  stm32f7xx_hal_rcc.o(i.HAL_RCC_GetSysClockFreq)
    i.HAL_RCC_OscConfig                      0x080010ac   Section        0  stm32f7xx_hal_rcc.o(i.HAL_RCC_OscConfig)
    i.HAL_SYSTICK_CLKSourceConfig            0x080013e8   Section        0  stm32f7xx_hal_cortex.o(i.HAL_SYSTICK_CLKSourceConfig)
    i.HAL_SYSTICK_Config                     0x08001400   Section        0  stm32f7xx_hal_cortex.o(i.HAL_SYSTICK_Config)
    i.HAL_TIMEx_BreakCallback                0x08001426   Section        0  stm32f7xx_hal_tim_ex.o(i.HAL_TIMEx_BreakCallback)
    i.HAL_TIMEx_CommutationCallback          0x08001428   Section        0  stm32f7xx_hal_tim_ex.o(i.HAL_TIMEx_CommutationCallback)
    i.HAL_TIMEx_MasterConfigSynchronization  0x0800142c   Section        0  stm32f7xx_hal_tim_ex.o(i.HAL_TIMEx_MasterConfigSynchronization)
    i.HAL_TIM_Base_Init                      0x08001484   Section        0  stm32f7xx_hal_tim.o(i.HAL_TIM_Base_Init)
    i.HAL_TIM_Base_MspInit                   0x080014bc   Section        0  stm32f7xx_hal_msp.o(i.HAL_TIM_Base_MspInit)
    i.HAL_TIM_Base_Start_IT                  0x08001568   Section        0  stm32f7xx_hal_tim.o(i.HAL_TIM_Base_Start_IT)
    i.HAL_TIM_ConfigClockSource              0x08001580   Section        0  stm32f7xx_hal_tim.o(i.HAL_TIM_ConfigClockSource)
    i.HAL_TIM_IC_CaptureCallback             0x0800167c   Section        0  stm32f7xx_hal_tim.o(i.HAL_TIM_IC_CaptureCallback)
    i.HAL_TIM_IRQHandler                     0x0800167e   Section        0  stm32f7xx_hal_tim.o(i.HAL_TIM_IRQHandler)
    i.HAL_TIM_MspPostInit                    0x080017fc   Section        0  stm32f7xx_hal_msp.o(i.HAL_TIM_MspPostInit)
    i.HAL_TIM_OC_DelayElapsedCallback        0x080018a8   Section        0  stm32f7xx_hal_tim.o(i.HAL_TIM_OC_DelayElapsedCallback)
    i.HAL_TIM_PWM_ConfigChannel              0x080018aa   Section        0  stm32f7xx_hal_tim_ex.o(i.HAL_TIM_PWM_ConfigChannel)
    i.HAL_TIM_PWM_Init                       0x080019d2   Section        0  stm32f7xx_hal_tim.o(i.HAL_TIM_PWM_Init)
    i.HAL_TIM_PWM_MspInit                    0x08001a08   Section        0  stm32f7xx_hal_tim.o(i.HAL_TIM_PWM_MspInit)
    i.HAL_TIM_PWM_PulseFinishedCallback      0x08001a0a   Section        0  stm32f7xx_hal_tim.o(i.HAL_TIM_PWM_PulseFinishedCallback)
    i.HAL_TIM_PWM_Start                      0x08001a0c   Section        0  stm32f7xx_hal_tim.o(i.HAL_TIM_PWM_Start)
    i.HAL_TIM_PWM_Stop                       0x08001a44   Section        0  stm32f7xx_hal_tim.o(i.HAL_TIM_PWM_Stop)
    i.HAL_TIM_PeriodElapsedCallback          0x08001aa0   Section        0  main.o(i.HAL_TIM_PeriodElapsedCallback)
    i.HAL_TIM_TriggerCallback                0x08001ab4   Section        0  stm32f7xx_hal_tim.o(i.HAL_TIM_TriggerCallback)
    i.HAL_UART_ErrorCallback                 0x08001ab6   Section        0  stm32f7xx_hal_uart.o(i.HAL_UART_ErrorCallback)
    i.HAL_UART_IRQHandler                    0x08001ab8   Section        0  stm32f7xx_hal_uart.o(i.HAL_UART_IRQHandler)
    i.HAL_UART_Init                          0x08001c30   Section        0  stm32f7xx_hal_uart.o(i.HAL_UART_Init)
    i.HAL_UART_MspInit                       0x08001c9c   Section        0  stm32f7xx_hal_msp.o(i.HAL_UART_MspInit)
    i.HAL_UART_Receive_IT                    0x08001d44   Section        0  stm32f7xx_hal_uart.o(i.HAL_UART_Receive_IT)
    i.HAL_UART_RxCpltCallback                0x08001dd4   Section        0  main.o(i.HAL_UART_RxCpltCallback)
    i.HAL_UART_Transmit                      0x08001e08   Section        0  stm32f7xx_hal_uart.o(i.HAL_UART_Transmit)
    i.HAL_UART_TxCpltCallback                0x08001ebe   Section        0  stm32f7xx_hal_uart.o(i.HAL_UART_TxCpltCallback)
    i.MX_GPIO_Init                           0x08001ec0   Section        0  main.o(i.MX_GPIO_Init)
    MX_GPIO_Init                             0x08001ec1   Thumb Code   686  main.o(i.MX_GPIO_Init)
    i.MX_I2C2_Init                           0x08002194   Section        0  main.o(i.MX_I2C2_Init)
    MX_I2C2_Init                             0x08002195   Thumb Code    66  main.o(i.MX_I2C2_Init)
    i.MX_TIM11_Init                          0x080021e4   Section        0  main.o(i.MX_TIM11_Init)
    MX_TIM11_Init                            0x080021e5   Thumb Code    74  main.o(i.MX_TIM11_Init)
    i.MX_TIM12_Init                          0x08002238   Section        0  main.o(i.MX_TIM12_Init)
    MX_TIM12_Init                            0x08002239   Thumb Code    92  main.o(i.MX_TIM12_Init)
    i.MX_TIM13_Init                          0x0800229c   Section        0  main.o(i.MX_TIM13_Init)
    MX_TIM13_Init                            0x0800229d   Thumb Code    74  main.o(i.MX_TIM13_Init)
    i.MX_TIM14_Init                          0x080022f0   Section        0  main.o(i.MX_TIM14_Init)
    MX_TIM14_Init                            0x080022f1   Thumb Code    74  main.o(i.MX_TIM14_Init)
    i.MX_TIM3_Init                           0x08002344   Section        0  main.o(i.MX_TIM3_Init)
    MX_TIM3_Init                             0x08002345   Thumb Code   108  main.o(i.MX_TIM3_Init)
    i.MX_TIM9_Init                           0x080023b8   Section        0  main.o(i.MX_TIM9_Init)
    MX_TIM9_Init                             0x080023b9   Thumb Code    92  main.o(i.MX_TIM9_Init)
    i.MX_UART4_Init                          0x0800241c   Section        0  main.o(i.MX_UART4_Init)
    MX_UART4_Init                            0x0800241d   Thumb Code    50  main.o(i.MX_UART4_Init)
    i.MX_USART3_UART_Init                    0x08002458   Section        0  main.o(i.MX_USART3_UART_Init)
    MX_USART3_UART_Init                      0x08002459   Thumb Code    48  main.o(i.MX_USART3_UART_Init)
    i.NVIC_SetPriority                       0x08002490   Section        0  stm32f7xx_hal_cortex.o(i.NVIC_SetPriority)
    NVIC_SetPriority                         0x08002491   Thumb Code    34  stm32f7xx_hal_cortex.o(i.NVIC_SetPriority)
    i.StartDefaultTask                       0x080024b4   Section        0  main.o(i.StartDefaultTask)
    i.StartTaskBlinkers                      0x080024ec   Section        0  main.o(i.StartTaskBlinkers)
    i.StartTaskBuzzer                        0x080026a0   Section        0  main.o(i.StartTaskBuzzer)
    i.StartTaskCan                           0x08002720   Section        0  main.o(i.StartTaskCan)
    i.StartTaskDoors                         0x0800275c   Section        0  main.o(i.StartTaskDoors)
    i.StartTaskI2C                           0x08002848   Section        0  main.o(i.StartTaskI2C)
    i.StartTaskInterior                      0x08002850   Section        0  main.o(i.StartTaskInterior)
    i.StartTaskLights                        0x08002968   Section        0  main.o(i.StartTaskLights)
    i.StartTaskLin                           0x08002ac4   Section        0  main.o(i.StartTaskLin)
    i.StartTaskProximity                     0x08002afc   Section        0  main.o(i.StartTaskProximity)
    i.StartTaskStopLight                     0x08002b04   Section        0  main.o(i.StartTaskStopLight)
    i.StartTaskTouchKeys                     0x08002b6c   Section        0  main.o(i.StartTaskTouchKeys)
    i.StartTaskWiper                         0x08002b74   Section        0  main.o(i.StartTaskWiper)
    i.SysTick_Handler                        0x08002c80   Section        0  stm32f7xx_it.o(i.SysTick_Handler)
    i.SystemClock_Config                     0x08002c84   Section        0  main.o(i.SystemClock_Config)
    i.SystemInit                             0x08002d28   Section        0  system_stm32f7xx.o(i.SystemInit)
    i.TIM6_DAC_IRQHandler                    0x08002d7c   Section        0  stm32f7xx_it.o(i.TIM6_DAC_IRQHandler)
    i.TIM_Base_SetConfig                     0x08002d88   Section        0  stm32f7xx_hal_tim.o(i.TIM_Base_SetConfig)
    i.TIM_CCxChannelCmd                      0x08002e54   Section        0  stm32f7xx_hal_tim.o(i.TIM_CCxChannelCmd)
    i.TIM_ETR_SetConfig                      0x08002e6a   Section        0  stm32f7xx_hal_tim.o(i.TIM_ETR_SetConfig)
    i.TIM_ITRx_SetConfig                     0x08002e7c   Section        0  stm32f7xx_hal_tim.o(i.TIM_ITRx_SetConfig)
    TIM_ITRx_SetConfig                       0x08002e7d   Thumb Code    16  stm32f7xx_hal_tim.o(i.TIM_ITRx_SetConfig)
    i.TIM_OC1_SetConfig                      0x08002e8c   Section        0  stm32f7xx_hal_tim.o(i.TIM_OC1_SetConfig)
    i.TIM_OC2_SetConfig                      0x08002ef4   Section        0  stm32f7xx_hal_tim.o(i.TIM_OC2_SetConfig)
    i.TIM_OC3_SetConfig                      0x08002f60   Section        0  stm32f7xx_hal_tim.o(i.TIM_OC3_SetConfig)
    i.TIM_OC4_SetConfig                      0x08002fcc   Section        0  stm32f7xx_hal_tim.o(i.TIM_OC4_SetConfig)
    i.TIM_OC5_SetConfig                      0x08003024   Section        0  stm32f7xx_hal_tim_ex.o(i.TIM_OC5_SetConfig)
    TIM_OC5_SetConfig                        0x08003025   Thumb Code    74  stm32f7xx_hal_tim_ex.o(i.TIM_OC5_SetConfig)
    i.TIM_OC6_SetConfig                      0x0800307c   Section        0  stm32f7xx_hal_tim_ex.o(i.TIM_OC6_SetConfig)
    TIM_OC6_SetConfig                        0x0800307d   Thumb Code    74  stm32f7xx_hal_tim_ex.o(i.TIM_OC6_SetConfig)
    i.TIM_TI1_ConfigInputStage               0x080030d4   Section        0  stm32f7xx_hal_tim.o(i.TIM_TI1_ConfigInputStage)
    TIM_TI1_ConfigInputStage                 0x080030d5   Thumb Code    34  stm32f7xx_hal_tim.o(i.TIM_TI1_ConfigInputStage)
    i.TIM_TI2_ConfigInputStage               0x080030f6   Section        0  stm32f7xx_hal_tim.o(i.TIM_TI2_ConfigInputStage)
    TIM_TI2_ConfigInputStage                 0x080030f7   Thumb Code    36  stm32f7xx_hal_tim.o(i.TIM_TI2_ConfigInputStage)
    i.UART4_IRQHandler                       0x0800311c   Section        0  stm32f7xx_it.o(i.UART4_IRQHandler)
    i.UART_AdvFeatureConfig                  0x08003128   Section        0  stm32f7xx_hal_uart.o(i.UART_AdvFeatureConfig)
    i.UART_CheckIdleState                    0x080031f0   Section        0  stm32f7xx_hal_uart.o(i.UART_CheckIdleState)
    i.UART_DMAAbortOnError                   0x08003230   Section        0  stm32f7xx_hal_uart.o(i.UART_DMAAbortOnError)
    UART_DMAAbortOnError                     0x08003231   Thumb Code    20  stm32f7xx_hal_uart.o(i.UART_DMAAbortOnError)
    i.UART_EndRxTransfer                     0x08003244   Section        0  stm32f7xx_hal_uart.o(i.UART_EndRxTransfer)
    UART_EndRxTransfer                       0x08003245   Thumb Code    28  stm32f7xx_hal_uart.o(i.UART_EndRxTransfer)
    i.UART_Receive_IT                        0x08003260   Section        0  stm32f7xx_hal_uart.o(i.UART_Receive_IT)
    UART_Receive_IT                          0x08003261   Thumb Code   120  stm32f7xx_hal_uart.o(i.UART_Receive_IT)
    i.UART_SetConfig                         0x080032d8   Section        0  stm32f7xx_hal_uart.o(i.UART_SetConfig)
    i.UART_WaitOnFlagUntilTimeout            0x08003530   Section        0  stm32f7xx_hal_uart.o(i.UART_WaitOnFlagUntilTimeout)
    i.__0sprintf$1                           0x08003594   Section        0  printf1.o(i.__0sprintf$1)
    i.__scatterload_copy                     0x080035bc   Section       14  handlers.o(i.__scatterload_copy)
    i.__scatterload_null                     0x080035ca   Section        2  handlers.o(i.__scatterload_null)
    i.__scatterload_zeroinit                 0x080035cc   Section       14  handlers.o(i.__scatterload_zeroinit)
    i._printf_core                           0x080035dc   Section        0  printf1.o(i._printf_core)
    _printf_core                             0x080035dd   Thumb Code   336  printf1.o(i._printf_core)
    i._sputc                                 0x08003730   Section        0  printf1.o(i._sputc)
    _sputc                                   0x08003731   Thumb Code    10  printf1.o(i._sputc)
    i.createPackage                          0x0800373c   Section        0  package.o(i.createPackage)
    i.main                                   0x08003798   Section        0  main.o(i.main)
    i.makeFreeRtosPriority                   0x08003964   Section        0  cmsis_os.o(i.makeFreeRtosPriority)
    makeFreeRtosPriority                     0x08003965   Thumb Code    14  cmsis_os.o(i.makeFreeRtosPriority)
    i.osDelay                                0x08003972   Section        0  cmsis_os.o(i.osDelay)
    i.osKernelStart                          0x08003980   Section        0  cmsis_os.o(i.osKernelStart)
    i.osMutexCreate                          0x0800398a   Section        0  cmsis_os.o(i.osMutexCreate)
    i.osSystickHandler                       0x08003990   Section        0  cmsis_os.o(i.osSystickHandler)
    i.osThreadCreate                         0x080039a4   Section        0  cmsis_os.o(i.osThreadCreate)
    i.prvAddCurrentTaskToDelayedList         0x080039d4   Section        0  tasks.o(i.prvAddCurrentTaskToDelayedList)
    prvAddCurrentTaskToDelayedList           0x080039d5   Thumb Code   102  tasks.o(i.prvAddCurrentTaskToDelayedList)
    i.prvAddNewTaskToReadyList               0x08003a44   Section        0  tasks.o(i.prvAddNewTaskToReadyList)
    prvAddNewTaskToReadyList                 0x08003a45   Thumb Code   194  tasks.o(i.prvAddNewTaskToReadyList)
    i.prvCheckTasksWaitingTermination        0x08003b14   Section        0  tasks.o(i.prvCheckTasksWaitingTermination)
    prvCheckTasksWaitingTermination          0x08003b15   Thumb Code    70  tasks.o(i.prvCheckTasksWaitingTermination)
    i.prvCopyDataFromQueue                   0x08003b64   Section        0  queue.o(i.prvCopyDataFromQueue)
    prvCopyDataFromQueue                     0x08003b65   Thumb Code    38  queue.o(i.prvCopyDataFromQueue)
    i.prvCopyDataToQueue                     0x08003b8a   Section        0  queue.o(i.prvCopyDataToQueue)
    prvCopyDataToQueue                       0x08003b8b   Thumb Code   108  queue.o(i.prvCopyDataToQueue)
    i.prvDeleteTCB                           0x08003bf6   Section        0  tasks.o(i.prvDeleteTCB)
    prvDeleteTCB                             0x08003bf7   Thumb Code    20  tasks.o(i.prvDeleteTCB)
    i.prvHeapInit                            0x08003c0c   Section        0  heap_4.o(i.prvHeapInit)
    prvHeapInit                              0x08003c0d   Thumb Code    70  heap_4.o(i.prvHeapInit)
    i.prvIdleTask                            0x08003c5c   Section        0  tasks.o(i.prvIdleTask)
    prvIdleTask                              0x08003c5d   Thumb Code    30  tasks.o(i.prvIdleTask)
    i.prvInitialiseNewTask                   0x08003c84   Section        0  tasks.o(i.prvInitialiseNewTask)
    prvInitialiseNewTask                     0x08003c85   Thumb Code   146  tasks.o(i.prvInitialiseNewTask)
    i.prvInsertBlockIntoFreeList             0x08003d18   Section        0  heap_4.o(i.prvInsertBlockIntoFreeList)
    prvInsertBlockIntoFreeList               0x08003d19   Thumb Code    72  heap_4.o(i.prvInsertBlockIntoFreeList)
    i.prvIsQueueEmpty                        0x08003d64   Section        0  queue.o(i.prvIsQueueEmpty)
    prvIsQueueEmpty                          0x08003d65   Thumb Code    28  queue.o(i.prvIsQueueEmpty)
    i.prvResetNextTaskUnblockTime            0x08003d80   Section        0  tasks.o(i.prvResetNextTaskUnblockTime)
    prvResetNextTaskUnblockTime              0x08003d81   Thumb Code    26  tasks.o(i.prvResetNextTaskUnblockTime)
    i.prvTaskExitError                       0x08003da0   Section        0  port.o(i.prvTaskExitError)
    prvTaskExitError                         0x08003da1   Thumb Code    42  port.o(i.prvTaskExitError)
    i.prvUnlockQueue                         0x08003dd0   Section        0  queue.o(i.prvUnlockQueue)
    prvUnlockQueue                           0x08003dd1   Thumb Code   106  queue.o(i.prvUnlockQueue)
    i.pvPortMalloc                           0x08003e3c   Section        0  heap_4.o(i.pvPortMalloc)
    i.pvTaskIncrementMutexHeldCount          0x08003f20   Section        0  tasks.o(i.pvTaskIncrementMutexHeldCount)
    i.pxPortInitialiseStack                  0x08003f38   Section        0  port.o(i.pxPortInitialiseStack)
    i.setPWM                                 0x08003f68   Section        0  main.o(i.setPWM)
    setPWM                                   0x08003f69   Thumb Code    66  main.o(i.setPWM)
    i.stringLength                           0x08003faa   Section        0  package.o(i.stringLength)
    i.stringXOR                              0x08003fc0   Section        0  package.o(i.stringXOR)
    i.uxListRemove                           0x08003fe4   Section        0  list.o(i.uxListRemove)
    i.vListInitialise                        0x08004008   Section        0  list.o(i.vListInitialise)
    i.vListInitialiseItem                    0x0800401e   Section        0  list.o(i.vListInitialiseItem)
    i.vListInsert                            0x08004024   Section        0  list.o(i.vListInsert)
    i.vListInsertEnd                         0x08004054   Section        0  list.o(i.vListInsertEnd)
    i.vPortEnterCritical                     0x0800406c   Section        0  port.o(i.vPortEnterCritical)
    i.vPortExitCritical                      0x080040b4   Section        0  port.o(i.vPortExitCritical)
    i.vPortFree                              0x080040e0   Section        0  heap_4.o(i.vPortFree)
    i.vPortSetupTimerInterrupt               0x08004144   Section        0  port.o(i.vPortSetupTimerInterrupt)
    i.vTaskDelay                             0x08004164   Section        0  tasks.o(i.vTaskDelay)
    i.vTaskMissedYield                       0x080041b4   Section        0  tasks.o(i.vTaskMissedYield)
    i.vTaskPlaceOnEventList                  0x080041c0   Section        0  tasks.o(i.vTaskPlaceOnEventList)
    i.vTaskPriorityInherit                   0x080041f4   Section        0  tasks.o(i.vTaskPriorityInherit)
    i.vTaskSetTimeOutState                   0x0800427c   Section        0  tasks.o(i.vTaskSetTimeOutState)
    i.vTaskStartScheduler                    0x080042a4   Section        0  tasks.o(i.vTaskStartScheduler)
    i.vTaskSuspendAll                        0x08004314   Section        0  tasks.o(i.vTaskSuspendAll)
    i.vTaskSwitchContext                     0x08004324   Section        0  tasks.o(i.vTaskSwitchContext)
    i.xPortStartScheduler                    0x08004384   Section        0  port.o(i.xPortStartScheduler)
    i.xPortSysTickHandler                    0x0800442c   Section        0  port.o(i.xPortSysTickHandler)
    i.xQueueCreateMutex                      0x0800445c   Section        0  queue.o(i.xQueueCreateMutex)
    i.xQueueGenericCreate                    0x08004480   Section        0  queue.o(i.xQueueGenericCreate)
    i.xQueueGenericReceive                   0x080044cc   Section        0  queue.o(i.xQueueGenericReceive)
    i.xQueueGenericReset                     0x08004648   Section        0  queue.o(i.xQueueGenericReset)
    i.xQueueGenericSend                      0x080046e0   Section        0  queue.o(i.xQueueGenericSend)
    i.xTaskCheckForTimeOut                   0x08004850   Section        0  tasks.o(i.xTaskCheckForTimeOut)
    i.xTaskCreate                            0x080048c4   Section        0  tasks.o(i.xTaskCreate)
    i.xTaskGetSchedulerState                 0x0800491c   Section        0  tasks.o(i.xTaskGetSchedulerState)
    i.xTaskIncrementTick                     0x08004938   Section        0  tasks.o(i.xTaskIncrementTick)
    i.xTaskPriorityDisinherit                0x08004a04   Section        0  tasks.o(i.xTaskPriorityDisinherit)
    i.xTaskRemoveFromEventList               0x08004aac   Section        0  tasks.o(i.xTaskRemoveFromEventList)
    i.xTaskResumeAll                         0x08004b24   Section        0  tasks.o(i.xTaskResumeAll)
    .constdata                               0x08004bec   Section      260  main.o(.constdata)
    .constdata                               0x08004cf0   Section       16  system_stm32f7xx.o(.constdata)
    .constdata                               0x08004d00   Section        8  system_stm32f7xx.o(.constdata)
    .conststring                             0x08004d08   Section      184  main.o(.conststring)
    .data                                    0x20000000   Section        4  stm32f7xx_hal.o(.data)
    .data                                    0x20000004   Section       24  heap_4.o(.data)
    pxEnd                                    0x20000004   Data           4  heap_4.o(.data)
    xFreeBytesRemaining                      0x20000008   Data           4  heap_4.o(.data)
    xMinimumEverFreeBytesRemaining           0x2000000c   Data           4  heap_4.o(.data)
    xBlockAllocatedBit                       0x20000010   Data           4  heap_4.o(.data)
    xStart                                   0x20000014   Data           8  heap_4.o(.data)
    .data                                    0x2000001c   Section       60  tasks.o(.data)
    uxDeletedTasksWaitingCleanUp             0x20000020   Data           4  tasks.o(.data)
    uxCurrentNumberOfTasks                   0x20000024   Data           4  tasks.o(.data)
    xTickCount                               0x20000028   Data           4  tasks.o(.data)
    uxTopReadyPriority                       0x2000002c   Data           4  tasks.o(.data)
    xSchedulerRunning                        0x20000030   Data           4  tasks.o(.data)
    uxPendedTicks                            0x20000034   Data           4  tasks.o(.data)
    xYieldPending                            0x20000038   Data           4  tasks.o(.data)
    xNumOfOverflows                          0x2000003c   Data           4  tasks.o(.data)
    uxTaskNumber                             0x20000040   Data           4  tasks.o(.data)
    xNextTaskUnblockTime                     0x20000044   Data           4  tasks.o(.data)
    xIdleTaskHandle                          0x20000048   Data           4  tasks.o(.data)
    uxSchedulerSuspended                     0x2000004c   Data           4  tasks.o(.data)
    pxDelayedTaskList                        0x20000050   Data           4  tasks.o(.data)
    pxOverflowDelayedTaskList                0x20000054   Data           4  tasks.o(.data)
    .data                                    0x20000058   Section       12  port.o(.data)
    ucMaxSysCallPriority                     0x20000058   Data           1  port.o(.data)
    uxCriticalNesting                        0x2000005c   Data           4  port.o(.data)
    ulMaxPRIGROUPValue                       0x20000060   Data           4  port.o(.data)
    .data                                    0x20000064   Section      125  main.o(.data)
    last_interrupt_time                      0x20000068   Data           4  main.o(.data)
    R                                        0x2000006c   Data           4  main.o(.data)
    G                                        0x20000070   Data           4  main.o(.data)
    B                                        0x20000074   Data           4  main.o(.data)
    incDecR                                  0x20000078   Data           4  main.o(.data)
    incDecG                                  0x2000007c   Data           4  main.o(.data)
    incDecB                                  0x20000080   Data           4  main.o(.data)
    .data                                    0x200000e1   Section        2  package.o(.data)
    xorString                                0x200000e1   Data           2  package.o(.data)
    .data                                    0x200000e4   Section        4  system_stm32f7xx.o(.data)
    .bss                                     0x200000e8   Section    15360  heap_4.o(.bss)
    ucHeap                                   0x200000e8   Data       15360  heap_4.o(.bss)
    .bss                                     0x20003ce8   Section      240  tasks.o(.bss)
    pxReadyTasksLists                        0x20003ce8   Data         140  tasks.o(.bss)
    xDelayedTaskList1                        0x20003d74   Data          20  tasks.o(.bss)
    xDelayedTaskList2                        0x20003d88   Data          20  tasks.o(.bss)
    xPendingReadyList                        0x20003d9c   Data          20  tasks.o(.bss)
    xTasksWaitingTermination                 0x20003db0   Data          20  tasks.o(.bss)
    xSuspendedTaskList                       0x20003dc4   Data          20  tasks.o(.bss)
    .bss                                     0x20003dd8   Section       64  stm32f7xx_hal_timebase_tim.o(.bss)
    .bss                                     0x20003e18   Section      684  main.o(.bss)
    .bss                                     0x200040c4   Section     1000  package.o(.bss)
    packageTemp                              0x200040c4   Data        1000  package.o(.bss)
    STACK                                    0x200044b0   Section     1024  startup_stm32f767xx.o(STACK)

    Global Symbols

    Symbol Name                              Value     Ov Type        Size  Object(Section)

    BuildAttributes$$THM_ISAv4$E$P$D$K$B$S$7EM$VFPv5_D16$PE$PLD8$A:L22UL41UL21$X:L11$S22US41US21$IEEE1$IW$USESV6$~STKCKD$USESV7$~SHL$OSPACE$ROPI$EBA8$MICROLIB$REQ8$PRES8$EABIv2 0x00000000   Number         0  anon$$obj.o ABSOLUTE
    __ARM_use_no_argv                        0x00000000   Number         0  main.o ABSOLUTE
    _printf_a                                0x00000000   Number         0  stubs.o ABSOLUTE
    _printf_c                                0x00000000   Number         0  stubs.o ABSOLUTE
    _printf_charcount                        0x00000000   Number         0  stubs.o ABSOLUTE
    _printf_d                                0x00000000   Number         0  stubs.o ABSOLUTE
    _printf_e                                0x00000000   Number         0  stubs.o ABSOLUTE
    _printf_f                                0x00000000   Number         0  stubs.o ABSOLUTE
    _printf_flags                            0x00000000   Number         0  stubs.o ABSOLUTE
    _printf_fp_dec                           0x00000000   Number         0  stubs.o ABSOLUTE
    _printf_fp_hex                           0x00000000   Number         0  stubs.o ABSOLUTE
    _printf_g                                0x00000000   Number         0  stubs.o ABSOLUTE
    _printf_i                                0x00000000   Number         0  stubs.o ABSOLUTE
    _printf_int_dec                          0x00000000   Number         0  stubs.o ABSOLUTE
    _printf_l                                0x00000000   Number         0  stubs.o ABSOLUTE
    _printf_lc                               0x00000000   Number         0  stubs.o ABSOLUTE
    _printf_ll                               0x00000000   Number         0  stubs.o ABSOLUTE
    _printf_lld                              0x00000000   Number         0  stubs.o ABSOLUTE
    _printf_lli                              0x00000000   Number         0  stubs.o ABSOLUTE
    _printf_llo                              0x00000000   Number         0  stubs.o ABSOLUTE
    _printf_llu                              0x00000000   Number         0  stubs.o ABSOLUTE
    _printf_llx                              0x00000000   Number         0  stubs.o ABSOLUTE
    _printf_longlong_dec                     0x00000000   Number         0  stubs.o ABSOLUTE
    _printf_longlong_hex                     0x00000000   Number         0  stubs.o ABSOLUTE
    _printf_longlong_oct                     0x00000000   Number         0  stubs.o ABSOLUTE
    _printf_ls                               0x00000000   Number         0  stubs.o ABSOLUTE
    _printf_mbtowc                           0x00000000   Number         0  stubs.o ABSOLUTE
    _printf_n                                0x00000000   Number         0  stubs.o ABSOLUTE
    _printf_o                                0x00000000   Number         0  stubs.o ABSOLUTE
    _printf_p                                0x00000000   Number         0  stubs.o ABSOLUTE
    _printf_percent                          0x00000000   Number         0  stubs.o ABSOLUTE
    _printf_pre_padding                      0x00000000   Number         0  stubs.o ABSOLUTE
    _printf_return_value                     0x00000000   Number         0  stubs.o ABSOLUTE
    _printf_s                                0x00000000   Number         0  stubs.o ABSOLUTE
    _printf_sizespec                         0x00000000   Number         0  stubs.o ABSOLUTE
    _printf_str                              0x00000000   Number         0  stubs.o ABSOLUTE
    _printf_truncate_signed                  0x00000000   Number         0  stubs.o ABSOLUTE
    _printf_truncate_unsigned                0x00000000   Number         0  stubs.o ABSOLUTE
    _printf_u                                0x00000000   Number         0  stubs.o ABSOLUTE
    _printf_wc                               0x00000000   Number         0  stubs.o ABSOLUTE
    _printf_wctomb                           0x00000000   Number         0  stubs.o ABSOLUTE
    _printf_widthprec                        0x00000000   Number         0  stubs.o ABSOLUTE
    _printf_x                                0x00000000   Number         0  stubs.o ABSOLUTE
    __cpp_initialize__aeabi_                  - Undefined Weak Reference
    __cxa_finalize                            - Undefined Weak Reference
    __decompress                              - Undefined Weak Reference
    _clock_init                               - Undefined Weak Reference
    _microlib_exit                            - Undefined Weak Reference
    __Vectors_Size                           0x000001f8   Number         0  startup_stm32f767xx.o ABSOLUTE
    __Vectors                                0x08000000   Data           4  startup_stm32f767xx.o(RESET)
    __Vectors_End                            0x080001f8   Data           0  startup_stm32f767xx.o(RESET)
    __main                                   0x080001f9   Thumb Code     0  entry.o(.ARM.Collect$$$$00000000)
    _main_stk                                0x080001f9   Thumb Code     0  entry2.o(.ARM.Collect$$$$00000001)
    _main_scatterload                        0x080001fd   Thumb Code     0  entry5.o(.ARM.Collect$$$$00000004)
    __main_after_scatterload                 0x08000201   Thumb Code     0  entry5.o(.ARM.Collect$$$$00000004)
    _main_clock                              0x08000201   Thumb Code     0  entry7b.o(.ARM.Collect$$$$00000008)
    _main_cpp_init                           0x08000201   Thumb Code     0  entry8b.o(.ARM.Collect$$$$0000000A)
    _main_init                               0x08000201   Thumb Code     0  entry9a.o(.ARM.Collect$$$$0000000B)
    __rt_final_cpp                           0x08000209   Thumb Code     0  entry10a.o(.ARM.Collect$$$$0000000D)
    __rt_final_exit                          0x08000209   Thumb Code     0  entry11a.o(.ARM.Collect$$$$0000000F)
    SVC_Handler                              0x0800020d   Thumb Code    28  port.o(.emb_text)
    __asm___6_port_c_39a90d8d__prvStartFirstTask 0x0800022d   Thumb Code    28  port.o(.emb_text)
    __asm___6_port_c_39a90d8d__prvEnableVFP  0x0800024d   Thumb Code    16  port.o(.emb_text)
    PendSV_Handler                           0x08000261   Thumb Code    92  port.o(.emb_text)
    vPortGetIPSR                             0x080002c1   Thumb Code     6  port.o(.emb_text)
    Reset_Handler                            0x080002c9   Thumb Code     8  startup_stm32f767xx.o(.text)
    NMI_Handler                              0x080002d1   Thumb Code     2  startup_stm32f767xx.o(.text)
    HardFault_Handler                        0x080002d3   Thumb Code     2  startup_stm32f767xx.o(.text)
    MemManage_Handler                        0x080002d5   Thumb Code     2  startup_stm32f767xx.o(.text)
    BusFault_Handler                         0x080002d7   Thumb Code     2  startup_stm32f767xx.o(.text)
    UsageFault_Handler                       0x080002d9   Thumb Code     2  startup_stm32f767xx.o(.text)
    DebugMon_Handler                         0x080002dd   Thumb Code     2  startup_stm32f767xx.o(.text)
    ADC_IRQHandler                           0x080002e3   Thumb Code     0  startup_stm32f767xx.o(.text)
    CAN1_RX0_IRQHandler                      0x080002e3   Thumb Code     0  startup_stm32f767xx.o(.text)
    CAN1_RX1_IRQHandler                      0x080002e3   Thumb Code     0  startup_stm32f767xx.o(.text)
    CAN1_SCE_IRQHandler                      0x080002e3   Thumb Code     0  startup_stm32f767xx.o(.text)
    CAN1_TX_IRQHandler                       0x080002e3   Thumb Code     0  startup_stm32f767xx.o(.text)
    CAN2_RX0_IRQHandler                      0x080002e3   Thumb Code     0  startup_stm32f767xx.o(.text)
    CAN2_RX1_IRQHandler                      0x080002e3   Thumb Code     0  startup_stm32f767xx.o(.text)
    CAN2_SCE_IRQHandler                      0x080002e3   Thumb Code     0  startup_stm32f767xx.o(.text)
    CAN2_TX_IRQHandler                       0x080002e3   Thumb Code     0  startup_stm32f767xx.o(.text)
    CAN3_RX0_IRQHandler                      0x080002e3   Thumb Code     0  startup_stm32f767xx.o(.text)
    CAN3_RX1_IRQHandler                      0x080002e3   Thumb Code     0  startup_stm32f767xx.o(.text)
    CAN3_SCE_IRQHandler                      0x080002e3   Thumb Code     0  startup_stm32f767xx.o(.text)
    CAN3_TX_IRQHandler                       0x080002e3   Thumb Code     0  startup_stm32f767xx.o(.text)
    CEC_IRQHandler                           0x080002e3   Thumb Code     0  startup_stm32f767xx.o(.text)
    DCMI_IRQHandler                          0x080002e3   Thumb Code     0  startup_stm32f767xx.o(.text)
    DFSDM1_FLT0_IRQHandler                   0x080002e3   Thumb Code     0  startup_stm32f767xx.o(.text)
    DFSDM1_FLT1_IRQHandler                   0x080002e3   Thumb Code     0  startup_stm32f767xx.o(.text)
    DFSDM1_FLT2_IRQHandler                   0x080002e3   Thumb Code     0  startup_stm32f767xx.o(.text)
    DFSDM1_FLT3_IRQHandler                   0x080002e3   Thumb Code     0  startup_stm32f767xx.o(.text)
    DMA1_Stream0_IRQHandler                  0x080002e3   Thumb Code     0  startup_stm32f767xx.o(.text)
    DMA1_Stream1_IRQHandler                  0x080002e3   Thumb Code     0  startup_stm32f767xx.o(.text)
    DMA1_Stream2_IRQHandler                  0x080002e3   Thumb Code     0  startup_stm32f767xx.o(.text)
    DMA1_Stream3_IRQHandler                  0x080002e3   Thumb Code     0  startup_stm32f767xx.o(.text)
    DMA1_Stream4_IRQHandler                  0x080002e3   Thumb Code     0  startup_stm32f767xx.o(.text)
    DMA1_Stream5_IRQHandler                  0x080002e3   Thumb Code     0  startup_stm32f767xx.o(.text)
    DMA1_Stream6_IRQHandler                  0x080002e3   Thumb Code     0  startup_stm32f767xx.o(.text)
    DMA1_Stream7_IRQHandler                  0x080002e3   Thumb Code     0  startup_stm32f767xx.o(.text)
    DMA2D_IRQHandler                         0x080002e3   Thumb Code     0  startup_stm32f767xx.o(.text)
    DMA2_Stream0_IRQHandler                  0x080002e3   Thumb Code     0  startup_stm32f767xx.o(.text)
    DMA2_Stream1_IRQHandler                  0x080002e3   Thumb Code     0  startup_stm32f767xx.o(.text)
    DMA2_Stream2_IRQHandler                  0x080002e3   Thumb Code     0  startup_stm32f767xx.o(.text)
    DMA2_Stream3_IRQHandler                  0x080002e3   Thumb Code     0  startup_stm32f767xx.o(.text)
    DMA2_Stream4_IRQHandler                  0x080002e3   Thumb Code     0  startup_stm32f767xx.o(.text)
    DMA2_Stream5_IRQHandler                  0x080002e3   Thumb Code     0  startup_stm32f767xx.o(.text)
    DMA2_Stream6_IRQHandler                  0x080002e3   Thumb Code     0  startup_stm32f767xx.o(.text)
    DMA2_Stream7_IRQHandler                  0x080002e3   Thumb Code     0  startup_stm32f767xx.o(.text)
    ETH_IRQHandler                           0x080002e3   Thumb Code     0  startup_stm32f767xx.o(.text)
    ETH_WKUP_IRQHandler                      0x080002e3   Thumb Code     0  startup_stm32f767xx.o(.text)
    EXTI0_IRQHandler                         0x080002e3   Thumb Code     0  startup_stm32f767xx.o(.text)
    EXTI1_IRQHandler                         0x080002e3   Thumb Code     0  startup_stm32f767xx.o(.text)
    EXTI2_IRQHandler                         0x080002e3   Thumb Code     0  startup_stm32f767xx.o(.text)
    EXTI3_IRQHandler                         0x080002e3   Thumb Code     0  startup_stm32f767xx.o(.text)
    EXTI4_IRQHandler                         0x080002e3   Thumb Code     0  startup_stm32f767xx.o(.text)
    EXTI9_5_IRQHandler                       0x080002e3   Thumb Code     0  startup_stm32f767xx.o(.text)
    FLASH_IRQHandler                         0x080002e3   Thumb Code     0  startup_stm32f767xx.o(.text)
    FMC_IRQHandler                           0x080002e3   Thumb Code     0  startup_stm32f767xx.o(.text)
    FPU_IRQHandler                           0x080002e3   Thumb Code     0  startup_stm32f767xx.o(.text)
    I2C1_ER_IRQHandler                       0x080002e3   Thumb Code     0  startup_stm32f767xx.o(.text)
    I2C1_EV_IRQHandler                       0x080002e3   Thumb Code     0  startup_stm32f767xx.o(.text)
    I2C2_ER_IRQHandler                       0x080002e3   Thumb Code     0  startup_stm32f767xx.o(.text)
    I2C2_EV_IRQHandler                       0x080002e3   Thumb Code     0  startup_stm32f767xx.o(.text)
    I2C3_ER_IRQHandler                       0x080002e3   Thumb Code     0  startup_stm32f767xx.o(.text)
    I2C3_EV_IRQHandler                       0x080002e3   Thumb Code     0  startup_stm32f767xx.o(.text)
    I2C4_ER_IRQHandler                       0x080002e3   Thumb Code     0  startup_stm32f767xx.o(.text)
    I2C4_EV_IRQHandler                       0x080002e3   Thumb Code     0  startup_stm32f767xx.o(.text)
    JPEG_IRQHandler                          0x080002e3   Thumb Code     0  startup_stm32f767xx.o(.text)
    LPTIM1_IRQHandler                        0x080002e3   Thumb Code     0  startup_stm32f767xx.o(.text)
    LTDC_ER_IRQHandler                       0x080002e3   Thumb Code     0  startup_stm32f767xx.o(.text)
    LTDC_IRQHandler                          0x080002e3   Thumb Code     0  startup_stm32f767xx.o(.text)
    MDIOS_IRQHandler                         0x080002e3   Thumb Code     0  startup_stm32f767xx.o(.text)
    OTG_FS_IRQHandler                        0x080002e3   Thumb Code     0  startup_stm32f767xx.o(.text)
    OTG_FS_WKUP_IRQHandler                   0x080002e3   Thumb Code     0  startup_stm32f767xx.o(.text)
    OTG_HS_EP1_IN_IRQHandler                 0x080002e3   Thumb Code     0  startup_stm32f767xx.o(.text)
    OTG_HS_EP1_OUT_IRQHandler                0x080002e3   Thumb Code     0  startup_stm32f767xx.o(.text)
    OTG_HS_IRQHandler                        0x080002e3   Thumb Code     0  startup_stm32f767xx.o(.text)
    OTG_HS_WKUP_IRQHandler                   0x080002e3   Thumb Code     0  startup_stm32f767xx.o(.text)
    PVD_IRQHandler                           0x080002e3   Thumb Code     0  startup_stm32f767xx.o(.text)
    QUADSPI_IRQHandler                       0x080002e3   Thumb Code     0  startup_stm32f767xx.o(.text)
    RCC_IRQHandler                           0x080002e3   Thumb Code     0  startup_stm32f767xx.o(.text)
    RNG_IRQHandler                           0x080002e3   Thumb Code     0  startup_stm32f767xx.o(.text)
    RTC_Alarm_IRQHandler                     0x080002e3   Thumb Code     0  startup_stm32f767xx.o(.text)
    RTC_WKUP_IRQHandler                      0x080002e3   Thumb Code     0  startup_stm32f767xx.o(.text)
    SAI1_IRQHandler                          0x080002e3   Thumb Code     0  startup_stm32f767xx.o(.text)
    SAI2_IRQHandler                          0x080002e3   Thumb Code     0  startup_stm32f767xx.o(.text)
    SDMMC1_IRQHandler                        0x080002e3   Thumb Code     0  startup_stm32f767xx.o(.text)
    SDMMC2_IRQHandler                        0x080002e3   Thumb Code     0  startup_stm32f767xx.o(.text)
    SPDIF_RX_IRQHandler                      0x080002e3   Thumb Code     0  startup_stm32f767xx.o(.text)
    SPI1_IRQHandler                          0x080002e3   Thumb Code     0  startup_stm32f767xx.o(.text)
    SPI2_IRQHandler                          0x080002e3   Thumb Code     0  startup_stm32f767xx.o(.text)
    SPI3_IRQHandler                          0x080002e3   Thumb Code     0  startup_stm32f767xx.o(.text)
    SPI4_IRQHandler                          0x080002e3   Thumb Code     0  startup_stm32f767xx.o(.text)
    SPI5_IRQHandler                          0x080002e3   Thumb Code     0  startup_stm32f767xx.o(.text)
    SPI6_IRQHandler                          0x080002e3   Thumb Code     0  startup_stm32f767xx.o(.text)
    TAMP_STAMP_IRQHandler                    0x080002e3   Thumb Code     0  startup_stm32f767xx.o(.text)
    TIM1_BRK_TIM9_IRQHandler                 0x080002e3   Thumb Code     0  startup_stm32f767xx.o(.text)
    TIM1_CC_IRQHandler                       0x080002e3   Thumb Code     0  startup_stm32f767xx.o(.text)
    TIM1_TRG_COM_TIM11_IRQHandler            0x080002e3   Thumb Code     0  startup_stm32f767xx.o(.text)
    TIM1_UP_TIM10_IRQHandler                 0x080002e3   Thumb Code     0  startup_stm32f767xx.o(.text)
    TIM2_IRQHandler                          0x080002e3   Thumb Code     0  startup_stm32f767xx.o(.text)
    TIM3_IRQHandler                          0x080002e3   Thumb Code     0  startup_stm32f767xx.o(.text)
    TIM4_IRQHandler                          0x080002e3   Thumb Code     0  startup_stm32f767xx.o(.text)
    TIM5_IRQHandler                          0x080002e3   Thumb Code     0  startup_stm32f767xx.o(.text)
    TIM7_IRQHandler                          0x080002e3   Thumb Code     0  startup_stm32f767xx.o(.text)
    TIM8_BRK_TIM12_IRQHandler                0x080002e3   Thumb Code     0  startup_stm32f767xx.o(.text)
    TIM8_CC_IRQHandler                       0x080002e3   Thumb Code     0  startup_stm32f767xx.o(.text)
    TIM8_TRG_COM_TIM14_IRQHandler            0x080002e3   Thumb Code     0  startup_stm32f767xx.o(.text)
    TIM8_UP_TIM13_IRQHandler                 0x080002e3   Thumb Code     0  startup_stm32f767xx.o(.text)
    UART5_IRQHandler                         0x080002e3   Thumb Code     0  startup_stm32f767xx.o(.text)
    UART7_IRQHandler                         0x080002e3   Thumb Code     0  startup_stm32f767xx.o(.text)
    UART8_IRQHandler                         0x080002e3   Thumb Code     0  startup_stm32f767xx.o(.text)
    USART1_IRQHandler                        0x080002e3   Thumb Code     0  startup_stm32f767xx.o(.text)
    USART2_IRQHandler                        0x080002e3   Thumb Code     0  startup_stm32f767xx.o(.text)
    USART3_IRQHandler                        0x080002e3   Thumb Code     0  startup_stm32f767xx.o(.text)
    USART6_IRQHandler                        0x080002e3   Thumb Code     0  startup_stm32f767xx.o(.text)
    WWDG_IRQHandler                          0x080002e3   Thumb Code     0  startup_stm32f767xx.o(.text)
    __aeabi_memcpy                           0x080002ed   Thumb Code    36  memcpya.o(.text)
    __aeabi_memcpy4                          0x080002ed   Thumb Code     0  memcpya.o(.text)
    __aeabi_memcpy8                          0x080002ed   Thumb Code     0  memcpya.o(.text)
    strcat                                   0x08000311   Thumb Code    24  strcat.o(.text)
    __aeabi_uidiv                            0x08000329   Thumb Code     0  uidiv.o(.text)
    __aeabi_uidivmod                         0x08000329   Thumb Code    44  uidiv.o(.text)
    __scatterload                            0x08000355   Thumb Code    28  init.o(.text)
    __scatterload_rt2                        0x08000355   Thumb Code     0  init.o(.text)
    EXTI15_10_IRQHandler                     0x08000379   Thumb Code     8  stm32f7xx_it.o(i.EXTI15_10_IRQHandler)
    HAL_DMA_Abort_IT                         0x08000381   Thumb Code    36  stm32f7xx_hal_dma.o(i.HAL_DMA_Abort_IT)
    HAL_GPIO_EXTI_Callback                   0x080003a5   Thumb Code    48  main.o(i.HAL_GPIO_EXTI_Callback)
    HAL_GPIO_EXTI_IRQHandler                 0x080003d9   Thumb Code    18  stm32f7xx_hal_gpio.o(i.HAL_GPIO_EXTI_IRQHandler)
    HAL_GPIO_Init                            0x080003f1   Thumb Code   418  stm32f7xx_hal_gpio.o(i.HAL_GPIO_Init)
    HAL_GPIO_ReadPin                         0x080005c9   Thumb Code    10  stm32f7xx_hal_gpio.o(i.HAL_GPIO_ReadPin)
    HAL_GPIO_TogglePin                       0x080005d3   Thumb Code     8  stm32f7xx_hal_gpio.o(i.HAL_GPIO_TogglePin)
    HAL_GPIO_WritePin                        0x080005db   Thumb Code    10  stm32f7xx_hal_gpio.o(i.HAL_GPIO_WritePin)
    HAL_GetTick                              0x080005e5   Thumb Code     6  stm32f7xx_hal.o(i.HAL_GetTick)
    HAL_I2CEx_ConfigAnalogFilter             0x080005f1   Thumb Code    88  stm32f7xx_hal_i2c_ex.o(i.HAL_I2CEx_ConfigAnalogFilter)
    HAL_I2CEx_ConfigDigitalFilter            0x08000649   Thumb Code    84  stm32f7xx_hal_i2c_ex.o(i.HAL_I2CEx_ConfigDigitalFilter)
    HAL_I2C_Init                             0x0800069d   Thumb Code   180  stm32f7xx_hal_i2c.o(i.HAL_I2C_Init)
    HAL_I2C_MspInit                          0x08000755   Thumb Code    58  stm32f7xx_hal_msp.o(i.HAL_I2C_MspInit)
    HAL_IncTick                              0x0800079d   Thumb Code    10  stm32f7xx_hal.o(i.HAL_IncTick)
    HAL_Init                                 0x080007ad   Thumb Code    22  stm32f7xx_hal.o(i.HAL_Init)
    HAL_InitTick                             0x080007c5   Thumb Code   100  stm32f7xx_hal_timebase_tim.o(i.HAL_InitTick)
    HAL_LIN_Init                             0x08000839   Thumb Code   130  stm32f7xx_hal_uart.o(i.HAL_LIN_Init)
    HAL_MspInit                              0x080008bb   Thumb Code    88  stm32f7xx_hal_msp.o(i.HAL_MspInit)
    HAL_NVIC_EnableIRQ                       0x08000913   Thumb Code    22  stm32f7xx_hal_cortex.o(i.HAL_NVIC_EnableIRQ)
    HAL_NVIC_SetPriority                     0x08000929   Thumb Code    60  stm32f7xx_hal_cortex.o(i.HAL_NVIC_SetPriority)
    HAL_NVIC_SetPriorityGrouping             0x08000969   Thumb Code    28  stm32f7xx_hal_cortex.o(i.HAL_NVIC_SetPriorityGrouping)
    HAL_RCCEx_PeriphCLKConfig                0x0800098d   Thumb Code  1336  stm32f7xx_hal_rcc_ex.o(i.HAL_RCCEx_PeriphCLKConfig)
    HAL_RCC_ClockConfig                      0x08000ec9   Thumb Code   258  stm32f7xx_hal_rcc.o(i.HAL_RCC_ClockConfig)
    HAL_RCC_GetClockConfig                   0x08000fdd   Thumb Code    56  stm32f7xx_hal_rcc.o(i.HAL_RCC_GetClockConfig)
    HAL_RCC_GetHCLKFreq                      0x0800101d   Thumb Code     6  stm32f7xx_hal_rcc.o(i.HAL_RCC_GetHCLKFreq)
    HAL_RCC_GetPCLK1Freq                     0x08001029   Thumb Code    20  stm32f7xx_hal_rcc.o(i.HAL_RCC_GetPCLK1Freq)
    HAL_RCC_GetPCLK2Freq                     0x08001049   Thumb Code    20  stm32f7xx_hal_rcc.o(i.HAL_RCC_GetPCLK2Freq)
    HAL_RCC_GetSysClockFreq                  0x08001069   Thumb Code    60  stm32f7xx_hal_rcc.o(i.HAL_RCC_GetSysClockFreq)
    HAL_RCC_OscConfig                        0x080010ad   Thumb Code   814  stm32f7xx_hal_rcc.o(i.HAL_RCC_OscConfig)
    HAL_SYSTICK_CLKSourceConfig              0x080013e9   Thumb Code    24  stm32f7xx_hal_cortex.o(i.HAL_SYSTICK_CLKSourceConfig)
    HAL_SYSTICK_Config                       0x08001401   Thumb Code    38  stm32f7xx_hal_cortex.o(i.HAL_SYSTICK_Config)
    HAL_TIMEx_BreakCallback                  0x08001427   Thumb Code     2  stm32f7xx_hal_tim_ex.o(i.HAL_TIMEx_BreakCallback)
    HAL_TIMEx_CommutationCallback            0x08001429   Thumb Code     2  stm32f7xx_hal_tim_ex.o(i.HAL_TIMEx_CommutationCallback)
    HAL_TIMEx_MasterConfigSynchronization    0x0800142d   Thumb Code    78  stm32f7xx_hal_tim_ex.o(i.HAL_TIMEx_MasterConfigSynchronization)
    HAL_TIM_Base_Init                        0x08001485   Thumb Code    54  stm32f7xx_hal_tim.o(i.HAL_TIM_Base_Init)
    HAL_TIM_Base_MspInit                     0x080014bd   Thumb Code   144  stm32f7xx_hal_msp.o(i.HAL_TIM_Base_MspInit)
    HAL_TIM_Base_Start_IT                    0x08001569   Thumb Code    24  stm32f7xx_hal_tim.o(i.HAL_TIM_Base_Start_IT)
    HAL_TIM_ConfigClockSource                0x08001581   Thumb Code   246  stm32f7xx_hal_tim.o(i.HAL_TIM_ConfigClockSource)
    HAL_TIM_IC_CaptureCallback               0x0800167d   Thumb Code     2  stm32f7xx_hal_tim.o(i.HAL_TIM_IC_CaptureCallback)
    HAL_TIM_IRQHandler                       0x0800167f   Thumb Code   382  stm32f7xx_hal_tim.o(i.HAL_TIM_IRQHandler)
    HAL_TIM_MspPostInit                      0x080017fd   Thumb Code   134  stm32f7xx_hal_msp.o(i.HAL_TIM_MspPostInit)
    HAL_TIM_OC_DelayElapsedCallback          0x080018a9   Thumb Code     2  stm32f7xx_hal_tim.o(i.HAL_TIM_OC_DelayElapsedCallback)
    HAL_TIM_PWM_ConfigChannel                0x080018ab   Thumb Code   296  stm32f7xx_hal_tim_ex.o(i.HAL_TIM_PWM_ConfigChannel)
    HAL_TIM_PWM_Init                         0x080019d3   Thumb Code    54  stm32f7xx_hal_tim.o(i.HAL_TIM_PWM_Init)
    HAL_TIM_PWM_MspInit                      0x08001a09   Thumb Code     2  stm32f7xx_hal_tim.o(i.HAL_TIM_PWM_MspInit)
    HAL_TIM_PWM_PulseFinishedCallback        0x08001a0b   Thumb Code     2  stm32f7xx_hal_tim.o(i.HAL_TIM_PWM_PulseFinishedCallback)
    HAL_TIM_PWM_Start                        0x08001a0d   Thumb Code    48  stm32f7xx_hal_tim.o(i.HAL_TIM_PWM_Start)
    HAL_TIM_PWM_Stop                         0x08001a45   Thumb Code    84  stm32f7xx_hal_tim.o(i.HAL_TIM_PWM_Stop)
    HAL_TIM_PeriodElapsedCallback            0x08001aa1   Thumb Code    14  main.o(i.HAL_TIM_PeriodElapsedCallback)
    HAL_TIM_TriggerCallback                  0x08001ab5   Thumb Code     2  stm32f7xx_hal_tim.o(i.HAL_TIM_TriggerCallback)
    HAL_UART_ErrorCallback                   0x08001ab7   Thumb Code     2  stm32f7xx_hal_uart.o(i.HAL_UART_ErrorCallback)
    HAL_UART_IRQHandler                      0x08001ab9   Thumb Code   372  stm32f7xx_hal_uart.o(i.HAL_UART_IRQHandler)
    HAL_UART_Init                            0x08001c31   Thumb Code   106  stm32f7xx_hal_uart.o(i.HAL_UART_Init)
    HAL_UART_MspInit                         0x08001c9d   Thumb Code   142  stm32f7xx_hal_msp.o(i.HAL_UART_MspInit)
    HAL_UART_Receive_IT                      0x08001d45   Thumb Code   142  stm32f7xx_hal_uart.o(i.HAL_UART_Receive_IT)
    HAL_UART_RxCpltCallback                  0x08001dd5   Thumb Code    38  main.o(i.HAL_UART_RxCpltCallback)
    HAL_UART_Transmit                        0x08001e09   Thumb Code   182  stm32f7xx_hal_uart.o(i.HAL_UART_Transmit)
    HAL_UART_TxCpltCallback                  0x08001ebf   Thumb Code     2  stm32f7xx_hal_uart.o(i.HAL_UART_TxCpltCallback)
    StartDefaultTask                         0x080024b5   Thumb Code    48  main.o(i.StartDefaultTask)
    StartTaskBlinkers                        0x080024ed   Thumb Code   420  main.o(i.StartTaskBlinkers)
    StartTaskBuzzer                          0x080026a1   Thumb Code   120  main.o(i.StartTaskBuzzer)
    StartTaskCan                             0x08002721   Thumb Code    52  main.o(i.StartTaskCan)
    StartTaskDoors                           0x0800275d   Thumb Code   212  main.o(i.StartTaskDoors)
    StartTaskI2C                             0x08002849   Thumb Code     8  main.o(i.StartTaskI2C)
    StartTaskInterior                        0x08002851   Thumb Code   272  main.o(i.StartTaskInterior)
    StartTaskLights                          0x08002969   Thumb Code   324  main.o(i.StartTaskLights)
    StartTaskLin                             0x08002ac5   Thumb Code    40  main.o(i.StartTaskLin)
    StartTaskProximity                       0x08002afd   Thumb Code     8  main.o(i.StartTaskProximity)
    StartTaskStopLight                       0x08002b05   Thumb Code    86  main.o(i.StartTaskStopLight)
    StartTaskTouchKeys                       0x08002b6d   Thumb Code     8  main.o(i.StartTaskTouchKeys)
    StartTaskWiper                           0x08002b75   Thumb Code   254  main.o(i.StartTaskWiper)
    SysTick_Handler                          0x08002c81   Thumb Code     4  stm32f7xx_it.o(i.SysTick_Handler)
    SystemClock_Config                       0x08002c85   Thumb Code   156  main.o(i.SystemClock_Config)
    SystemInit                               0x08002d29   Thumb Code    68  system_stm32f7xx.o(i.SystemInit)
    TIM6_DAC_IRQHandler                      0x08002d7d   Thumb Code     6  stm32f7xx_it.o(i.TIM6_DAC_IRQHandler)
    TIM_Base_SetConfig                       0x08002d89   Thumb Code   158  stm32f7xx_hal_tim.o(i.TIM_Base_SetConfig)
    TIM_CCxChannelCmd                        0x08002e55   Thumb Code    22  stm32f7xx_hal_tim.o(i.TIM_CCxChannelCmd)
    TIM_ETR_SetConfig                        0x08002e6b   Thumb Code    18  stm32f7xx_hal_tim.o(i.TIM_ETR_SetConfig)
    TIM_OC1_SetConfig                        0x08002e8d   Thumb Code    90  stm32f7xx_hal_tim.o(i.TIM_OC1_SetConfig)
    TIM_OC2_SetConfig                        0x08002ef5   Thumb Code    96  stm32f7xx_hal_tim.o(i.TIM_OC2_SetConfig)
    TIM_OC3_SetConfig                        0x08002f61   Thumb Code    96  stm32f7xx_hal_tim.o(i.TIM_OC3_SetConfig)
    TIM_OC4_SetConfig                        0x08002fcd   Thumb Code    76  stm32f7xx_hal_tim.o(i.TIM_OC4_SetConfig)
    UART4_IRQHandler                         0x0800311d   Thumb Code     6  stm32f7xx_it.o(i.UART4_IRQHandler)
    UART_AdvFeatureConfig                    0x08003129   Thumb Code   200  stm32f7xx_hal_uart.o(i.UART_AdvFeatureConfig)
    UART_CheckIdleState                      0x080031f1   Thumb Code    64  stm32f7xx_hal_uart.o(i.UART_CheckIdleState)
    UART_SetConfig                           0x080032d9   Thumb Code   550  stm32f7xx_hal_uart.o(i.UART_SetConfig)
    UART_WaitOnFlagUntilTimeout              0x08003531   Thumb Code   100  stm32f7xx_hal_uart.o(i.UART_WaitOnFlagUntilTimeout)
    __0sprintf$1                             0x08003595   Thumb Code    34  printf1.o(i.__0sprintf$1)
    __1sprintf$1                             0x08003595   Thumb Code     0  printf1.o(i.__0sprintf$1)
    __2sprintf                               0x08003595   Thumb Code     0  printf1.o(i.__0sprintf$1)
    __scatterload_copy                       0x080035bd   Thumb Code    14  handlers.o(i.__scatterload_copy)
    __scatterload_null                       0x080035cb   Thumb Code     2  handlers.o(i.__scatterload_null)
    __scatterload_zeroinit                   0x080035cd   Thumb Code    14  handlers.o(i.__scatterload_zeroinit)
    createPackage                            0x0800373d   Thumb Code    78  package.o(i.createPackage)
    main                                     0x08003799   Thumb Code   446  main.o(i.main)
    osDelay                                  0x08003973   Thumb Code    14  cmsis_os.o(i.osDelay)
    osKernelStart                            0x08003981   Thumb Code    10  cmsis_os.o(i.osKernelStart)
    osMutexCreate                            0x0800398b   Thumb Code     6  cmsis_os.o(i.osMutexCreate)
    osSystickHandler                         0x08003991   Thumb Code    20  cmsis_os.o(i.osSystickHandler)
    osThreadCreate                           0x080039a5   Thumb Code    46  cmsis_os.o(i.osThreadCreate)
    pvPortMalloc                             0x08003e3d   Thumb Code   222  heap_4.o(i.pvPortMalloc)
    pvTaskIncrementMutexHeldCount            0x08003f21   Thumb Code    18  tasks.o(i.pvTaskIncrementMutexHeldCount)
    pxPortInitialiseStack                    0x08003f39   Thumb Code    42  port.o(i.pxPortInitialiseStack)
    stringLength                             0x08003fab   Thumb Code    20  package.o(i.stringLength)
    stringXOR                                0x08003fc1   Thumb Code    32  package.o(i.stringXOR)
    uxListRemove                             0x08003fe5   Thumb Code    36  list.o(i.uxListRemove)
    vListInitialise                          0x08004009   Thumb Code    22  list.o(i.vListInitialise)
    vListInitialiseItem                      0x0800401f   Thumb Code     6  list.o(i.vListInitialiseItem)
    vListInsert                              0x08004025   Thumb Code    48  list.o(i.vListInsert)
    vListInsertEnd                           0x08004055   Thumb Code    24  list.o(i.vListInsertEnd)
    vPortEnterCritical                       0x0800406d   Thumb Code    62  port.o(i.vPortEnterCritical)
    vPortExitCritical                        0x080040b5   Thumb Code    38  port.o(i.vPortExitCritical)
    vPortFree                                0x080040e1   Thumb Code    96  heap_4.o(i.vPortFree)
    vPortSetupTimerInterrupt                 0x08004145   Thumb Code    26  port.o(i.vPortSetupTimerInterrupt)
    vTaskDelay                               0x08004165   Thumb Code    70  tasks.o(i.vTaskDelay)
    vTaskMissedYield                         0x080041b5   Thumb Code     8  tasks.o(i.vTaskMissedYield)
    vTaskPlaceOnEventList                    0x080041c1   Thumb Code    48  tasks.o(i.vTaskPlaceOnEventList)
    vTaskPriorityInherit                     0x080041f5   Thumb Code   128  tasks.o(i.vTaskPriorityInherit)
    vTaskSetTimeOutState                     0x0800427d   Thumb Code    34  tasks.o(i.vTaskSetTimeOutState)
    vTaskStartScheduler                      0x080042a5   Thumb Code    94  tasks.o(i.vTaskStartScheduler)
    vTaskSuspendAll                          0x08004315   Thumb Code    10  tasks.o(i.vTaskSuspendAll)
    vTaskSwitchContext                       0x08004325   Thumb Code    86  tasks.o(i.vTaskSwitchContext)
    xPortStartScheduler                      0x08004385   Thumb Code   152  port.o(i.xPortStartScheduler)
    xPortSysTickHandler                      0x0800442d   Thumb Code    42  port.o(i.xPortSysTickHandler)
    xQueueCreateMutex                        0x0800445d   Thumb Code    36  queue.o(i.xQueueCreateMutex)
    xQueueGenericCreate                      0x08004481   Thumb Code    76  queue.o(i.xQueueGenericCreate)
    xQueueGenericReceive                     0x080044cd   Thumb Code   376  queue.o(i.xQueueGenericReceive)
    xQueueGenericReset                       0x08004649   Thumb Code   148  queue.o(i.xQueueGenericReset)
    xQueueGenericSend                        0x080046e1   Thumb Code   362  queue.o(i.xQueueGenericSend)
    xTaskCheckForTimeOut                     0x08004851   Thumb Code   110  tasks.o(i.xTaskCheckForTimeOut)
    xTaskCreate                              0x080048c5   Thumb Code    86  tasks.o(i.xTaskCreate)
    xTaskGetSchedulerState                   0x0800491d   Thumb Code    22  tasks.o(i.xTaskGetSchedulerState)
    xTaskIncrementTick                       0x08004939   Thumb Code   196  tasks.o(i.xTaskIncrementTick)
    xTaskPriorityDisinherit                  0x08004a05   Thumb Code   158  tasks.o(i.xTaskPriorityDisinherit)
    xTaskRemoveFromEventList                 0x08004aad   Thumb Code   112  tasks.o(i.xTaskRemoveFromEventList)
    xTaskResumeAll                           0x08004b25   Thumb Code   188  tasks.o(i.xTaskResumeAll)
    AHBPrescTable                            0x08004cf0   Data          16  system_stm32f7xx.o(.constdata)
    APBPrescTable                            0x08004d00   Data           8  system_stm32f7xx.o(.constdata)
    Region$$Table$$Base                      0x08004dc0   Number         0  anon$$obj.o(Region$$Table)
    Region$$Table$$Limit                     0x08004de0   Number         0  anon$$obj.o(Region$$Table)
    uwTick                                   0x20000000   Data           4  stm32f7xx_hal.o(.data)
    pxCurrentTCB                             0x2000001c   Data           4  tasks.o(.data)
    button                                   0x20000064   Data           2  main.o(.data)
    defaultTaskHandle                        0x20000084   Data           4  main.o(.data)
    myTaskCanHandle                          0x20000088   Data           4  main.o(.data)
    myTaskLinHandle                          0x2000008c   Data           4  main.o(.data)
    myTaskLightsHandle                       0x20000090   Data           4  main.o(.data)
    myTaskBlinkesHandle                      0x20000094   Data           4  main.o(.data)
    myTaskStopLightHandle                    0x20000098   Data           4  main.o(.data)
    myTaskDoorsHandle                        0x2000009c   Data           4  main.o(.data)
    myTaskTouchKeysHandle                    0x200000a0   Data           4  main.o(.data)
    myTaskI2CHandle                          0x200000a4   Data           4  main.o(.data)
    myTaskInteriorHandle                     0x200000a8   Data           4  main.o(.data)
    myTaskBuzzerHandle                       0x200000ac   Data           4  main.o(.data)
    myTaskProximityHandle                    0x200000b0   Data           4  main.o(.data)
    myTaskWiperHandle                        0x200000b4   Data           4  main.o(.data)
    myMutex01Handle                          0x200000b8   Data           4  main.o(.data)
    myMutex02Handle                          0x200000bc   Data           4  main.o(.data)
    myMutex03Handle                          0x200000c0   Data           4  main.o(.data)
    myMutex04Handle                          0x200000c4   Data           4  main.o(.data)
    myMutex05Handle                          0x200000c8   Data           4  main.o(.data)
    myMutex06Handle                          0x200000cc   Data           4  main.o(.data)
    myMutex07Handle                          0x200000d0   Data           4  main.o(.data)
    myMutex08Handle                          0x200000d4   Data           4  main.o(.data)
    myMutex09Handle                          0x200000d8   Data           4  main.o(.data)
    Test2                                    0x200000dc   Data           5  main.o(.data)
    SystemCoreClock                          0x200000e4   Data           4  system_stm32f7xx.o(.data)
    htim6                                    0x20003dd8   Data          64  stm32f7xx_hal_timebase_tim.o(.bss)
    hi2c2                                    0x20003e18   Data          76  main.o(.bss)
    htim3                                    0x20003e64   Data          64  main.o(.bss)
    htim9                                    0x20003ea4   Data          64  main.o(.bss)
    htim11                                   0x20003ee4   Data          64  main.o(.bss)
    htim12                                   0x20003f24   Data          64  main.o(.bss)
    htim13                                   0x20003f64   Data          64  main.o(.bss)
    htim14                                   0x20003fa4   Data          64  main.o(.bss)
    huart4                                   0x20003fe4   Data         112  main.o(.bss)
    huart3                                   0x20004054   Data         112  main.o(.bss)
    __initial_sp                             0x200048b0   Data           0  startup_stm32f767xx.o(STACK)



==============================================================================

Memory Map of the image

  Image Entry point : 0x080001f9

  Load Region LR_IROM1 (Base: 0x08000000, Size: 0x00004ec8, Max: 0x00200000, ABSOLUTE)

    Execution Region ER_IROM1 (Base: 0x08000000, Size: 0x00004de0, Max: 0x00200000, ABSOLUTE)

    Base Addr    Size         Type   Attr      Idx    E Section Name        Object

    0x08000000   0x000001f8   Data   RO         4083    RESET               startup_stm32f767xx.o
    0x080001f8   0x00000000   Code   RO         4545  * .ARM.Collect$$$$00000000  mc_w.l(entry.o)
    0x080001f8   0x00000004   Code   RO         4815    .ARM.Collect$$$$00000001  mc_w.l(entry2.o)
    0x080001fc   0x00000004   Code   RO         4818    .ARM.Collect$$$$00000004  mc_w.l(entry5.o)
    0x08000200   0x00000000   Code   RO         4820    .ARM.Collect$$$$00000008  mc_w.l(entry7b.o)
    0x08000200   0x00000000   Code   RO         4822    .ARM.Collect$$$$0000000A  mc_w.l(entry8b.o)
    0x08000200   0x00000008   Code   RO         4823    .ARM.Collect$$$$0000000B  mc_w.l(entry9a.o)
    0x08000208   0x00000000   Code   RO         4825    .ARM.Collect$$$$0000000D  mc_w.l(entry10a.o)
    0x08000208   0x00000000   Code   RO         4827    .ARM.Collect$$$$0000000F  mc_w.l(entry11a.o)
    0x08000208   0x00000004   Code   RO         4816    .ARM.Collect$$$$00002712  mc_w.l(entry2.o)
    0x0800020c   0x000000ba   Code   RO         3998    .emb_text           port.o
    0x080002c6   0x00000002   PAD
    0x080002c8   0x00000024   Code   RO         4084    .text               startup_stm32f767xx.o
    0x080002ec   0x00000024   Code   RO         4548    .text               mc_w.l(memcpya.o)
    0x08000310   0x00000018   Code   RO         4550    .text               mc_w.l(strcat.o)
    0x08000328   0x0000002c   Code   RO         4832    .text               mc_w.l(uidiv.o)
    0x08000354   0x00000024   Code   RO         4847    .text               mc_w.l(init.o)
    0x08000378   0x00000008   Code   RO         4091    i.EXTI15_10_IRQHandler  stm32f7xx_it.o
    0x08000380   0x00000024   Code   RO            8    i.HAL_DMA_Abort_IT  stm32f7xx_hal_dma.o
    0x080003a4   0x00000034   Code   RO         4276    i.HAL_GPIO_EXTI_Callback  main.o
    0x080003d8   0x00000018   Code   RO          300    i.HAL_GPIO_EXTI_IRQHandler  stm32f7xx_hal_gpio.o
    0x080003f0   0x000001d8   Code   RO          301    i.HAL_GPIO_Init     stm32f7xx_hal_gpio.o
    0x080005c8   0x0000000a   Code   RO          303    i.HAL_GPIO_ReadPin  stm32f7xx_hal_gpio.o
    0x080005d2   0x00000008   Code   RO          304    i.HAL_GPIO_TogglePin  stm32f7xx_hal_gpio.o
    0x080005da   0x0000000a   Code   RO          305    i.HAL_GPIO_WritePin  stm32f7xx_hal_gpio.o
    0x080005e4   0x0000000c   Code   RO         2091    i.HAL_GetTick       stm32f7xx_hal.o
    0x080005f0   0x00000058   Code   RO          256    i.HAL_I2CEx_ConfigAnalogFilter  stm32f7xx_hal_i2c_ex.o
    0x08000648   0x00000054   Code   RO          257    i.HAL_I2CEx_ConfigDigitalFilter  stm32f7xx_hal_i2c_ex.o
    0x0800069c   0x000000b8   Code   RO         2488    i.HAL_I2C_Init      stm32f7xx_hal_i2c.o
    0x08000754   0x00000048   Code   RO         4201    i.HAL_I2C_MspInit   stm32f7xx_hal_msp.o
    0x0800079c   0x00000010   Code   RO         2095    i.HAL_IncTick       stm32f7xx_hal.o
    0x080007ac   0x00000016   Code   RO         2096    i.HAL_Init          stm32f7xx_hal.o
    0x080007c2   0x00000002   PAD
    0x080007c4   0x00000074   Code   RO         4158    i.HAL_InitTick      stm32f7xx_hal_timebase_tim.o
    0x08000838   0x00000082   Code   RO         1441    i.HAL_LIN_Init      stm32f7xx_hal_uart.o
    0x080008ba   0x00000058   Code   RO         4202    i.HAL_MspInit       stm32f7xx_hal_msp.o
    0x08000912   0x00000016   Code   RO         1944    i.HAL_NVIC_EnableIRQ  stm32f7xx_hal_cortex.o
    0x08000928   0x00000040   Code   RO         1950    i.HAL_NVIC_SetPriority  stm32f7xx_hal_cortex.o
    0x08000968   0x00000024   Code   RO         1951    i.HAL_NVIC_SetPriorityGrouping  stm32f7xx_hal_cortex.o
    0x0800098c   0x0000053c   Code   RO          366    i.HAL_RCCEx_PeriphCLKConfig  stm32f7xx_hal_rcc_ex.o
    0x08000ec8   0x00000114   Code   RO         1718    i.HAL_RCC_ClockConfig  stm32f7xx_hal_rcc.o
    0x08000fdc   0x00000040   Code   RO         1722    i.HAL_RCC_GetClockConfig  stm32f7xx_hal_rcc.o
    0x0800101c   0x0000000c   Code   RO         1723    i.HAL_RCC_GetHCLKFreq  stm32f7xx_hal_rcc.o
    0x08001028   0x00000020   Code   RO         1725    i.HAL_RCC_GetPCLK1Freq  stm32f7xx_hal_rcc.o
    0x08001048   0x00000020   Code   RO         1726    i.HAL_RCC_GetPCLK2Freq  stm32f7xx_hal_rcc.o
    0x08001068   0x00000044   Code   RO         1727    i.HAL_RCC_GetSysClockFreq  stm32f7xx_hal_rcc.o
    0x080010ac   0x0000033c   Code   RO         1730    i.HAL_RCC_OscConfig  stm32f7xx_hal_rcc.o
    0x080013e8   0x00000018   Code   RO         1953    i.HAL_SYSTICK_CLKSourceConfig  stm32f7xx_hal_cortex.o
    0x08001400   0x00000026   Code   RO         1955    i.HAL_SYSTICK_Config  stm32f7xx_hal_cortex.o
    0x08001426   0x00000002   Code   RO         1159    i.HAL_TIMEx_BreakCallback  stm32f7xx_hal_tim_ex.o
    0x08001428   0x00000002   Code   RO         1160    i.HAL_TIMEx_CommutationCallback  stm32f7xx_hal_tim_ex.o
    0x0800142a   0x00000002   PAD
    0x0800142c   0x00000058   Code   RO         1178    i.HAL_TIMEx_MasterConfigSynchronization  stm32f7xx_hal_tim_ex.o
    0x08001484   0x00000036   Code   RO          402    i.HAL_TIM_Base_Init  stm32f7xx_hal_tim.o
    0x080014ba   0x00000002   PAD
    0x080014bc   0x000000ac   Code   RO         4204    i.HAL_TIM_Base_MspInit  stm32f7xx_hal_msp.o
    0x08001568   0x00000018   Code   RO          407    i.HAL_TIM_Base_Start_IT  stm32f7xx_hal_tim.o
    0x08001580   0x000000fc   Code   RO          411    i.HAL_TIM_ConfigClockSource  stm32f7xx_hal_tim.o
    0x0800167c   0x00000002   Code   RO          431    i.HAL_TIM_IC_CaptureCallback  stm32f7xx_hal_tim.o
    0x0800167e   0x0000017e   Code   RO          444    i.HAL_TIM_IRQHandler  stm32f7xx_hal_tim.o
    0x080017fc   0x000000ac   Code   RO         4205    i.HAL_TIM_MspPostInit  stm32f7xx_hal_msp.o
    0x080018a8   0x00000002   Code   RO          447    i.HAL_TIM_OC_DelayElapsedCallback  stm32f7xx_hal_tim.o
    0x080018aa   0x00000128   Code   RO         1198    i.HAL_TIM_PWM_ConfigChannel  stm32f7xx_hal_tim_ex.o
    0x080019d2   0x00000036   Code   RO          471    i.HAL_TIM_PWM_Init  stm32f7xx_hal_tim.o
    0x08001a08   0x00000002   Code   RO          473    i.HAL_TIM_PWM_MspInit  stm32f7xx_hal_tim.o
    0x08001a0a   0x00000002   Code   RO          474    i.HAL_TIM_PWM_PulseFinishedCallback  stm32f7xx_hal_tim.o
    0x08001a0c   0x00000038   Code   RO          475    i.HAL_TIM_PWM_Start  stm32f7xx_hal_tim.o
    0x08001a44   0x0000005c   Code   RO          478    i.HAL_TIM_PWM_Stop  stm32f7xx_hal_tim.o
    0x08001aa0   0x00000014   Code   RO         4277    i.HAL_TIM_PeriodElapsedCallback  main.o
    0x08001ab4   0x00000002   Code   RO          485    i.HAL_TIM_TriggerCallback  stm32f7xx_hal_tim.o
    0x08001ab6   0x00000002   Code   RO         1453    i.HAL_UART_ErrorCallback  stm32f7xx_hal_uart.o
    0x08001ab8   0x00000178   Code   RO         1456    i.HAL_UART_IRQHandler  stm32f7xx_hal_uart.o
    0x08001c30   0x0000006a   Code   RO         1457    i.HAL_UART_Init     stm32f7xx_hal_uart.o
    0x08001c9a   0x00000002   PAD
    0x08001c9c   0x000000a8   Code   RO         4207    i.HAL_UART_MspInit  stm32f7xx_hal_msp.o
    0x08001d44   0x0000008e   Code   RO         1462    i.HAL_UART_Receive_IT  stm32f7xx_hal_uart.o
    0x08001dd2   0x00000002   PAD
    0x08001dd4   0x00000034   Code   RO         4278    i.HAL_UART_RxCpltCallback  main.o
    0x08001e08   0x000000b6   Code   RO         1465    i.HAL_UART_Transmit  stm32f7xx_hal_uart.o
    0x08001ebe   0x00000002   Code   RO         1468    i.HAL_UART_TxCpltCallback  stm32f7xx_hal_uart.o
    0x08001ec0   0x000002d4   Code   RO         4279    i.MX_GPIO_Init      main.o
    0x08002194   0x00000050   Code   RO         4280    i.MX_I2C2_Init      main.o
    0x080021e4   0x00000054   Code   RO         4281    i.MX_TIM11_Init     main.o
    0x08002238   0x00000064   Code   RO         4282    i.MX_TIM12_Init     main.o
    0x0800229c   0x00000054   Code   RO         4283    i.MX_TIM13_Init     main.o
    0x080022f0   0x00000054   Code   RO         4284    i.MX_TIM14_Init     main.o
    0x08002344   0x00000074   Code   RO         4285    i.MX_TIM3_Init      main.o
    0x080023b8   0x00000064   Code   RO         4286    i.MX_TIM9_Init      main.o
    0x0800241c   0x0000003c   Code   RO         4287    i.MX_UART4_Init     main.o
    0x08002458   0x00000038   Code   RO         4288    i.MX_USART3_UART_Init  main.o
    0x08002490   0x00000022   Code   RO         1957    i.NVIC_SetPriority  stm32f7xx_hal_cortex.o
    0x080024b2   0x00000002   PAD
    0x080024b4   0x00000038   Code   RO         4289    i.StartDefaultTask  main.o
    0x080024ec   0x000001b4   Code   RO         4290    i.StartTaskBlinkers  main.o
    0x080026a0   0x00000080   Code   RO         4291    i.StartTaskBuzzer   main.o
    0x08002720   0x0000003c   Code   RO         4292    i.StartTaskCan      main.o
    0x0800275c   0x000000ec   Code   RO         4293    i.StartTaskDoors    main.o
    0x08002848   0x00000008   Code   RO         4294    i.StartTaskI2C      main.o
    0x08002850   0x00000118   Code   RO         4295    i.StartTaskInterior  main.o
    0x08002968   0x0000015c   Code   RO         4296    i.StartTaskLights   main.o
    0x08002ac4   0x00000038   Code   RO         4297    i.StartTaskLin      main.o
    0x08002afc   0x00000008   Code   RO         4298    i.StartTaskProximity  main.o
    0x08002b04   0x00000068   Code   RO         4299    i.StartTaskStopLight  main.o
    0x08002b6c   0x00000008   Code   RO         4300    i.StartTaskTouchKeys  main.o
    0x08002b74   0x0000010c   Code   RO         4301    i.StartTaskWiper    main.o
    0x08002c80   0x00000004   Code   RO         4092    i.SysTick_Handler   stm32f7xx_it.o
    0x08002c84   0x000000a4   Code   RO         4302    i.SystemClock_Config  main.o
    0x08002d28   0x00000054   Code   RO         4511    i.SystemInit        system_stm32f7xx.o
    0x08002d7c   0x0000000c   Code   RO         4093    i.TIM6_DAC_IRQHandler  stm32f7xx_it.o
    0x08002d88   0x000000cc   Code   RO          486    i.TIM_Base_SetConfig  stm32f7xx_hal_tim.o
    0x08002e54   0x00000016   Code   RO          487    i.TIM_CCxChannelCmd  stm32f7xx_hal_tim.o
    0x08002e6a   0x00000012   Code   RO          493    i.TIM_ETR_SetConfig  stm32f7xx_hal_tim.o
    0x08002e7c   0x00000010   Code   RO          494    i.TIM_ITRx_SetConfig  stm32f7xx_hal_tim.o
    0x08002e8c   0x00000068   Code   RO          495    i.TIM_OC1_SetConfig  stm32f7xx_hal_tim.o
    0x08002ef4   0x0000006c   Code   RO          496    i.TIM_OC2_SetConfig  stm32f7xx_hal_tim.o
    0x08002f60   0x0000006c   Code   RO          497    i.TIM_OC3_SetConfig  stm32f7xx_hal_tim.o
    0x08002fcc   0x00000058   Code   RO          498    i.TIM_OC4_SetConfig  stm32f7xx_hal_tim.o
    0x08003024   0x00000058   Code   RO         1201    i.TIM_OC5_SetConfig  stm32f7xx_hal_tim_ex.o
    0x0800307c   0x00000058   Code   RO         1202    i.TIM_OC6_SetConfig  stm32f7xx_hal_tim_ex.o
    0x080030d4   0x00000022   Code   RO          500    i.TIM_TI1_ConfigInputStage  stm32f7xx_hal_tim.o
    0x080030f6   0x00000024   Code   RO          502    i.TIM_TI2_ConfigInputStage  stm32f7xx_hal_tim.o
    0x0800311a   0x00000002   PAD
    0x0800311c   0x0000000c   Code   RO         4094    i.UART4_IRQHandler  stm32f7xx_it.o
    0x08003128   0x000000c8   Code   RO         1470    i.UART_AdvFeatureConfig  stm32f7xx_hal_uart.o
    0x080031f0   0x00000040   Code   RO         1471    i.UART_CheckIdleState  stm32f7xx_hal_uart.o
    0x08003230   0x00000014   Code   RO         1472    i.UART_DMAAbortOnError  stm32f7xx_hal_uart.o
    0x08003244   0x0000001c   Code   RO         1478    i.UART_EndRxTransfer  stm32f7xx_hal_uart.o
    0x08003260   0x00000078   Code   RO         1480    i.UART_Receive_IT   stm32f7xx_hal_uart.o
    0x080032d8   0x00000258   Code   RO         1481    i.UART_SetConfig    stm32f7xx_hal_uart.o
    0x08003530   0x00000064   Code   RO         1482    i.UART_WaitOnFlagUntilTimeout  stm32f7xx_hal_uart.o
    0x08003594   0x00000028   Code   RO         4601    i.__0sprintf$1      mc_w.l(printf1.o)
    0x080035bc   0x0000000e   Code   RO         4861    i.__scatterload_copy  mc_w.l(handlers.o)
    0x080035ca   0x00000002   Code   RO         4862    i.__scatterload_null  mc_w.l(handlers.o)
    0x080035cc   0x0000000e   Code   RO         4863    i.__scatterload_zeroinit  mc_w.l(handlers.o)
    0x080035da   0x00000002   PAD
    0x080035dc   0x00000154   Code   RO         4606    i._printf_core      mc_w.l(printf1.o)
    0x08003730   0x0000000a   Code   RO         4608    i._sputc            mc_w.l(printf1.o)
    0x0800373a   0x00000002   PAD
    0x0800373c   0x0000005c   Code   RO         4477    i.createPackage     package.o
    0x08003798   0x000001cc   Code   RO         4304    i.main              main.o
    0x08003964   0x0000000e   Code   RO         2970    i.makeFreeRtosPriority  cmsis_os.o
    0x08003972   0x0000000e   Code   RO         2972    i.osDelay           cmsis_os.o
    0x08003980   0x0000000a   Code   RO         2975    i.osKernelStart     cmsis_os.o
    0x0800398a   0x00000006   Code   RO         2990    i.osMutexCreate     cmsis_os.o
    0x08003990   0x00000014   Code   RO         3008    i.osSystickHandler  cmsis_os.o
    0x080039a4   0x0000002e   Code   RO         3009    i.osThreadCreate    cmsis_os.o
    0x080039d2   0x00000002   PAD
    0x080039d4   0x00000070   Code   RO         3633    i.prvAddCurrentTaskToDelayedList  tasks.o
    0x08003a44   0x000000d0   Code   RO         3634    i.prvAddNewTaskToReadyList  tasks.o
    0x08003b14   0x00000050   Code   RO         3635    i.prvCheckTasksWaitingTermination  tasks.o
    0x08003b64   0x00000026   Code   RO         3366    i.prvCopyDataFromQueue  queue.o
    0x08003b8a   0x0000006c   Code   RO         3367    i.prvCopyDataToQueue  queue.o
    0x08003bf6   0x00000014   Code   RO         3636    i.prvDeleteTCB      tasks.o
    0x08003c0a   0x00000002   PAD
    0x08003c0c   0x00000050   Code   RO         3526    i.prvHeapInit       heap_4.o
    0x08003c5c   0x00000028   Code   RO         3637    i.prvIdleTask       tasks.o
    0x08003c84   0x00000092   Code   RO         3638    i.prvInitialiseNewTask  tasks.o
    0x08003d16   0x00000002   PAD
    0x08003d18   0x0000004c   Code   RO         3527    i.prvInsertBlockIntoFreeList  heap_4.o
    0x08003d64   0x0000001c   Code   RO         3368    i.prvIsQueueEmpty   queue.o
    0x08003d80   0x00000020   Code   RO         3639    i.prvResetNextTaskUnblockTime  tasks.o
    0x08003da0   0x00000030   Code   RO         3999    i.prvTaskExitError  port.o
    0x08003dd0   0x0000006a   Code   RO         3369    i.prvUnlockQueue    queue.o
    0x08003e3a   0x00000002   PAD
    0x08003e3c   0x000000e4   Code   RO         3528    i.pvPortMalloc      heap_4.o
    0x08003f20   0x00000018   Code   RO         3641    i.pvTaskIncrementMutexHeldCount  tasks.o
    0x08003f38   0x00000030   Code   RO         4000    i.pxPortInitialiseStack  port.o
    0x08003f68   0x00000042   Code   RO         4305    i.setPWM            main.o
    0x08003faa   0x00000014   Code   RO         4478    i.stringLength      package.o
    0x08003fbe   0x00000002   PAD
    0x08003fc0   0x00000024   Code   RO         4479    i.stringXOR         package.o
    0x08003fe4   0x00000024   Code   RO         3587    i.uxListRemove      list.o
    0x08004008   0x00000016   Code   RO         3588    i.vListInitialise   list.o
    0x0800401e   0x00000006   Code   RO         3589    i.vListInitialiseItem  list.o
    0x08004024   0x00000030   Code   RO         3590    i.vListInsert       list.o
    0x08004054   0x00000018   Code   RO         3591    i.vListInsertEnd    list.o
    0x0800406c   0x00000048   Code   RO         4002    i.vPortEnterCritical  port.o
    0x080040b4   0x0000002c   Code   RO         4003    i.vPortExitCritical  port.o
    0x080040e0   0x00000064   Code   RO         3529    i.vPortFree         heap_4.o
    0x08004144   0x00000020   Code   RO         4004    i.vPortSetupTimerInterrupt  port.o
    0x08004164   0x00000050   Code   RO         3647    i.vTaskDelay        tasks.o
    0x080041b4   0x0000000c   Code   RO         3650    i.vTaskMissedYield  tasks.o
    0x080041c0   0x00000034   Code   RO         3652    i.vTaskPlaceOnEventList  tasks.o
    0x080041f4   0x00000088   Code   RO         3654    i.vTaskPriorityInherit  tasks.o
    0x0800427c   0x00000028   Code   RO         3657    i.vTaskSetTimeOutState  tasks.o
    0x080042a4   0x00000070   Code   RO         3658    i.vTaskStartScheduler  tasks.o
    0x08004314   0x00000010   Code   RO         3660    i.vTaskSuspendAll   tasks.o
    0x08004324   0x00000060   Code   RO         3661    i.vTaskSwitchContext  tasks.o
    0x08004384   0x000000a8   Code   RO         4006    i.xPortStartScheduler  port.o
    0x0800442c   0x00000030   Code   RO         4007    i.xPortSysTickHandler  port.o
    0x0800445c   0x00000024   Code   RO         3376    i.xQueueCreateMutex  queue.o
    0x08004480   0x0000004c   Code   RO         3377    i.xQueueGenericCreate  queue.o
    0x080044cc   0x0000017c   Code   RO         3378    i.xQueueGenericReceive  queue.o
    0x08004648   0x00000098   Code   RO         3379    i.xQueueGenericReset  queue.o
    0x080046e0   0x00000170   Code   RO         3380    i.xQueueGenericSend  queue.o
    0x08004850   0x00000074   Code   RO         3662    i.xTaskCheckForTimeOut  tasks.o
    0x080048c4   0x00000056   Code   RO         3663    i.xTaskCreate       tasks.o
    0x0800491a   0x00000002   PAD
    0x0800491c   0x0000001c   Code   RO         3667    i.xTaskGetSchedulerState  tasks.o
    0x08004938   0x000000cc   Code   RO         3670    i.xTaskIncrementTick  tasks.o
    0x08004a04   0x000000a8   Code   RO         3673    i.xTaskPriorityDisinherit  tasks.o
    0x08004aac   0x00000078   Code   RO         3674    i.xTaskRemoveFromEventList  tasks.o
    0x08004b24   0x000000c8   Code   RO         3676    i.xTaskResumeAll    tasks.o
    0x08004bec   0x00000104   Data   RO         4308    .constdata          main.o
    0x08004cf0   0x00000010   Data   RO         4512    .constdata          system_stm32f7xx.o
    0x08004d00   0x00000008   Data   RO         4513    .constdata          system_stm32f7xx.o
    0x08004d08   0x000000b8   Data   RO         4309    .conststring        main.o
    0x08004dc0   0x00000020   Data   RO         4859    Region$$Table       anon$$obj.o


    Execution Region RW_IRAM1 (Base: 0x20000000, Size: 0x000048b0, Max: 0x00080000, ABSOLUTE)

    Base Addr    Size         Type   Attr      Idx    E Section Name        Object

    0x20000000   0x00000004   Data   RW         2102    .data               stm32f7xx_hal.o
    0x20000004   0x00000018   Data   RW         3534    .data               heap_4.o
    0x2000001c   0x0000003c   Data   RW         3679    .data               tasks.o
    0x20000058   0x0000000c   Data   RW         4008    .data               port.o
    0x20000064   0x0000007d   Data   RW         4310    .data               main.o
    0x200000e1   0x00000002   Data   RW         4481    .data               package.o
    0x200000e3   0x00000001   PAD
    0x200000e4   0x00000004   Data   RW         4514    .data               system_stm32f7xx.o
    0x200000e8   0x00003c00   Zero   RW         3533    .bss                heap_4.o
    0x20003ce8   0x000000f0   Zero   RW         3678    .bss                tasks.o
    0x20003dd8   0x00000040   Zero   RW         4161    .bss                stm32f7xx_hal_timebase_tim.o
    0x20003e18   0x000002ac   Zero   RW         4307    .bss                main.o
    0x200040c4   0x000003e8   Zero   RW         4480    .bss                package.o
    0x200044ac   0x00000004   PAD
    0x200044b0   0x00000400   Zero   RW         4081    STACK               startup_stm32f767xx.o


==============================================================================

Image component sizes


      Code (inc. data)   RO Data    RW Data    ZI Data      Debug   Object Name

       110          0          0          0          0      23096   cmsis_os.o
         0          0          0          0          0       2864   croutine.o
       484         24          0         24      15360       7507   heap_4.o
       136          0          0          0          0       8870   list.o
      4298        314        444        125        684      21576   main.o
       148         18          0          2       1000       2395   package.o
       646         72          0         12          0      11088   port.o
      1292         14          0          0          0      21374   queue.o
        36          8        504          0       1024        820   startup_stm32f767xx.o
        50         12          0          4          0       2644   stm32f7xx_hal.o
       218         12          0          0          0      36221   stm32f7xx_hal_cortex.o
        36          0          0          0          0     867079   stm32f7xx_hal_dma.o
       524         60          0          0          0       4563   stm32f7xx_hal_gpio.o
       184          4          0          0          0       2979   stm32f7xx_hal_i2c.o
       172          0          0          0          0       2015   stm32f7xx_hal_i2c_ex.o
       672        106          0          0          0       3976   stm32f7xx_hal_msp.o
      1312         78          0          0          0       6305   stm32f7xx_hal_rcc.o
      1340         22          0          0          0       2392   stm32f7xx_hal_rcc_ex.o
      1662        118          0          0          0      16853   stm32f7xx_hal_tim.o
       564         38          0          0          0       5074   stm32f7xx_hal_tim_ex.o
       116         16          0          0         64       1496   stm32f7xx_hal_timebase_tim.o
      2072         74          0          0          0      12419   stm32f7xx_hal_uart.o
        36         12          0          0          0       5374   stm32f7xx_it.o
        84         16         24          4          0       1271   system_stm32f7xx.o
      2128        172          0         60        240      23037   tasks.o

    ----------------------------------------------------------------------
     18348       1190       1004        232      18376    1093288   Object Totals
         0          0         32          0          0          0   (incl. Generated)
        28          0          0          1          4          0   (incl. Padding)

    ----------------------------------------------------------------------

      Code (inc. data)   RO Data    RW Data    ZI Data      Debug   Library Member Name

         0          0          0          0          0          0   entry.o
         0          0          0          0          0          0   entry10a.o
         0          0          0          0          0          0   entry11a.o
         8          4          0          0          0          0   entry2.o
         4          0          0          0          0          0   entry5.o
         0          0          0          0          0          0   entry7b.o
         0          0          0          0          0          0   entry8b.o
         8          4          0          0          0          0   entry9a.o
        30          0          0          0          0          0   handlers.o
        36          8          0          0          0         68   init.o
        36          0          0          0          0         68   memcpya.o
       390         10          0          0          0        252   printf1.o
        24          0          0          0          0         68   strcat.o
        44          0          0          0          0         80   uidiv.o

    ----------------------------------------------------------------------
       584         26          0          0          0        536   Library Totals
         4          0          0          0          0          0   (incl. Padding)

    ----------------------------------------------------------------------

      Code (inc. data)   RO Data    RW Data    ZI Data      Debug   Library Name

       580         26          0          0          0        536   mc_w.l

    ----------------------------------------------------------------------
       584         26          0          0          0        536   Library Totals

    ----------------------------------------------------------------------

==============================================================================


      Code (inc. data)   RO Data    RW Data    ZI Data      Debug   

     18932       1216       1004        232      18376    1077820   Grand Totals
     18932       1216       1004        232      18376    1077820   ELF Image Totals
     18932       1216       1004        232          0          0   ROM Totals

==============================================================================

    Total RO  Size (Code + RO Data)                19936 (  19.47kB)
    Total RW  Size (RW Data + ZI Data)             18608 (  18.17kB)
    Total ROM Size (Code + RO Data + RW Data)      20168 (  19.70kB)

==============================================================================

